<?xml version="1.0"?>
<link_info>
   <banner>TI ARM Linker PC v5.2.7</banner>
   <copyright>Copyright (c) 1996-2015 Texas Instruments Incorporated</copyright>
   <link_time>0x57a3c6cd</link_time>
   <link_errors>0x0</link_errors>
   <output_file>PeriodicSysTickInts_MSP432.out</output_file>
   <entry_point>
      <name>_c_int00</name>
      <address>0x5d9</address>
   </entry_point>
   <input_file_list>
      <input_file id="fl-2">
         <path>.\</path>
         <kind>object</kind>
         <file>SysTickInts.obj</file>
         <name>SysTickInts.obj</name>
      </input_file>
      <input_file id="fl-3">
         <path>.\</path>
         <kind>object</kind>
         <file>main.obj</file>
         <name>main.obj</name>
      </input_file>
      <input_file id="fl-4">
         <path>.\</path>
         <kind>object</kind>
         <file>msp432_startup_ccs.obj</file>
         <name>msp432_startup_ccs.obj</name>
      </input_file>
      <input_file id="fl-12a">
         <path>C:\ti\ccsv6\tools\compiler\ti-cgt-arm_5.2.7\lib\</path>
         <kind>archive</kind>
         <file>rtsv7M4_T_le_v4SPD16_eabi.lib</file>
         <name>boot.obj</name>
      </input_file>
      <input_file id="fl-12b">
         <path>C:\ti\ccsv6\tools\compiler\ti-cgt-arm_5.2.7\lib\</path>
         <kind>archive</kind>
         <file>rtsv7M4_T_le_v4SPD16_eabi.lib</file>
         <name>copy_decompress_none.obj</name>
      </input_file>
      <input_file id="fl-12c">
         <path>C:\ti\ccsv6\tools\compiler\ti-cgt-arm_5.2.7\lib\</path>
         <kind>archive</kind>
         <file>rtsv7M4_T_le_v4SPD16_eabi.lib</file>
         <name>copy_decompress_rle.obj</name>
      </input_file>
      <input_file id="fl-12d">
         <path>C:\ti\ccsv6\tools\compiler\ti-cgt-arm_5.2.7\lib\</path>
         <kind>archive</kind>
         <file>rtsv7M4_T_le_v4SPD16_eabi.lib</file>
         <name>copy_zero_init.obj</name>
      </input_file>
      <input_file id="fl-12e">
         <path>C:\ti\ccsv6\tools\compiler\ti-cgt-arm_5.2.7\lib\</path>
         <kind>archive</kind>
         <file>rtsv7M4_T_le_v4SPD16_eabi.lib</file>
         <name>exit.obj</name>
      </input_file>
      <input_file id="fl-12f">
         <path>C:\ti\ccsv6\tools\compiler\ti-cgt-arm_5.2.7\lib\</path>
         <kind>archive</kind>
         <file>rtsv7M4_T_le_v4SPD16_eabi.lib</file>
         <name>memcpy_t2.obj</name>
      </input_file>
      <input_file id="fl-130">
         <path>C:\ti\ccsv6\tools\compiler\ti-cgt-arm_5.2.7\lib\</path>
         <kind>archive</kind>
         <file>rtsv7M4_T_le_v4SPD16_eabi.lib</file>
         <name>memset_t2.obj</name>
      </input_file>
      <input_file id="fl-131">
         <path>C:\ti\ccsv6\tools\compiler\ti-cgt-arm_5.2.7\lib\</path>
         <kind>archive</kind>
         <file>rtsv7M4_T_le_v4SPD16_eabi.lib</file>
         <name>pre_init.obj</name>
      </input_file>
      <input_file id="fl-132">
         <path>C:\ti\ccsv6\tools\compiler\ti-cgt-arm_5.2.7\lib\</path>
         <kind>archive</kind>
         <file>rtsv7M4_T_le_v4SPD16_eabi.lib</file>
         <name>stkdepth_vars.obj</name>
      </input_file>
      <input_file id="fl-133">
         <path>C:\ti\ccsv6\tools\compiler\ti-cgt-arm_5.2.7\lib\</path>
         <kind>archive</kind>
         <file>rtsv7M4_T_le_v4SPD16_eabi.lib</file>
         <name>_lock.obj</name>
      </input_file>
      <input_file id="fl-134">
         <path>C:\ti\ccsv6\tools\compiler\ti-cgt-arm_5.2.7\lib\</path>
         <kind>archive</kind>
         <file>rtsv7M4_T_le_v4SPD16_eabi.lib</file>
         <name>args_main.obj</name>
      </input_file>
      <input_file id="fl-135">
         <path>C:\ti\ccsv6\tools\compiler\ti-cgt-arm_5.2.7\lib\</path>
         <kind>archive</kind>
         <file>rtsv7M4_T_le_v4SPD16_eabi.lib</file>
         <name>autoinit.obj</name>
      </input_file>
      <input_file id="fl-136">
         <path>C:\ti\ccsv6\tools\compiler\ti-cgt-arm_5.2.7\lib\</path>
         <kind>archive</kind>
         <file>rtsv7M4_T_le_v4SPD16_eabi.lib</file>
         <name>cpy_tbl.obj</name>
      </input_file>
   </input_file_list>
   <object_component_list>
      <object_component id="oc-10">
         <name>.intvecs</name>
         <load_address>0x0</load_address>
         <run_address>0x0</run_address>
         <size>0x144</size>
         <input_file_ref idref="fl-4"/>
      </object_component>
      <object_component id="oc-37">
         <name>.text</name>
         <load_address>0x144</load_address>
         <run_address>0x144</run_address>
         <size>0x15c</size>
         <input_file_ref idref="fl-3"/>
      </object_component>
      <object_component id="oc-31">
         <name>.text</name>
         <load_address>0x2a0</load_address>
         <run_address>0x2a0</run_address>
         <size>0xb0</size>
         <input_file_ref idref="fl-2"/>
      </object_component>
      <object_component id="oc-40">
         <name>.text</name>
         <load_address>0x350</load_address>
         <run_address>0x350</run_address>
         <size>0x9c</size>
         <input_file_ref idref="fl-12f"/>
      </object_component>
      <object_component id="oc-2b">
         <name>.text</name>
         <load_address>0x3ec</load_address>
         <run_address>0x3ec</run_address>
         <size>0x9a</size>
         <input_file_ref idref="fl-4"/>
      </object_component>
      <object_component id="oc-59">
         <name>.text</name>
         <load_address>0x486</load_address>
         <run_address>0x486</run_address>
         <size>0x7a</size>
         <input_file_ref idref="fl-130"/>
      </object_component>
      <object_component id="oc-6b">
         <name>.text</name>
         <load_address>0x500</load_address>
         <run_address>0x500</run_address>
         <size>0x6c</size>
         <input_file_ref idref="fl-135"/>
      </object_component>
      <object_component id="oc-4c">
         <name>.text</name>
         <load_address>0x56c</load_address>
         <run_address>0x56c</run_address>
         <size>0x6a</size>
         <input_file_ref idref="fl-12c"/>
      </object_component>
      <object_component id="oc-25">
         <name>.text</name>
         <load_address>0x5d8</load_address>
         <run_address>0x5d8</run_address>
         <size>0x50</size>
         <input_file_ref idref="fl-12a"/>
      </object_component>
      <object_component id="oc-a7">
         <name>.text</name>
         <load_address>0x628</load_address>
         <run_address>0x628</run_address>
         <size>0x4c</size>
         <input_file_ref idref="fl-136"/>
      </object_component>
      <object_component id="oc-77">
         <name>.text</name>
         <load_address>0x674</load_address>
         <run_address>0x674</run_address>
         <size>0x44</size>
         <input_file_ref idref="fl-12e"/>
      </object_component>
      <object_component id="oc-71">
         <name>.text</name>
         <load_address>0x6b8</load_address>
         <run_address>0x6b8</run_address>
         <size>0x18</size>
         <input_file_ref idref="fl-134"/>
      </object_component>
      <object_component id="oc-dd">
         <name>.text</name>
         <load_address>0x6d0</load_address>
         <run_address>0x6d0</run_address>
         <size>0x14</size>
         <input_file_ref idref="fl-133"/>
      </object_component>
      <object_component id="oc-13">
         <name>.text:decompress:none</name>
         <load_address>0x6e4</load_address>
         <run_address>0x6e4</run_address>
         <size>0xe</size>
         <input_file_ref idref="fl-12b"/>
      </object_component>
      <object_component id="oc-1f">
         <name>.text:decompress:ZI</name>
         <load_address>0x6f2</load_address>
         <run_address>0x6f2</run_address>
         <size>0xc</size>
         <input_file_ref idref="fl-12d"/>
      </object_component>
      <object_component id="oc-19">
         <name>.text:decompress:rle24</name>
         <load_address>0x6fe</load_address>
         <run_address>0x6fe</run_address>
         <size>0x6</size>
         <input_file_ref idref="fl-12c"/>
      </object_component>
      <object_component id="oc-65">
         <name>.text</name>
         <load_address>0x704</load_address>
         <run_address>0x704</run_address>
         <size>0x4</size>
         <input_file_ref idref="fl-131"/>
      </object_component>
      <object_component id="oc-118">
         <name>.cinit..data.load</name>
         <load_address>0x708</load_address>
         <run_address>0x708</run_address>
         <size>0xf</size>
      </object_component>
      <object_component id="oc-116">
         <name>__TI_handler_table</name>
         <load_address>0x718</load_address>
         <run_address>0x718</run_address>
         <size>0xc</size>
      </object_component>
      <object_component id="oc-119">
         <name>.cinit..bss.load</name>
         <load_address>0x728</load_address>
         <run_address>0x728</run_address>
         <size>0x8</size>
      </object_component>
      <object_component id="oc-117">
         <name>__TI_cinit_table</name>
         <load_address>0x730</load_address>
         <run_address>0x730</run_address>
         <size>0x10</size>
      </object_component>
      <object_component id="oc-2a">
         <name>.stack</name>
         <uninitialized>true</uninitialized>
         <run_address>0x2000fe00</run_address>
         <size>0x0</size>
         <input_file_ref idref="fl-12a"/>
      </object_component>
      <object_component id="oc-11a">
         <name>.stack</name>
         <uninitialized>true</uninitialized>
         <run_address>0x2000fe00</run_address>
         <size>0x0</size>
      </object_component>
      <object_component id="oc-82">
         <name>.common:Counts</name>
         <uninitialized>true</uninitialized>
         <run_address>0x20000014</run_address>
         <size>0x4</size>
      </object_component>
      <object_component id="oc-b4">
         <name>.data</name>
         <load_address>0x20000008</load_address>
         <run_address>0x20000008</run_address>
         <size>0x8</size>
         <input_file_ref idref="fl-12e"/>
      </object_component>
      <object_component id="oc-7d">
         <name>.data</name>
         <load_address>0x20000010</load_address>
         <run_address>0x20000010</run_address>
         <size>0x4</size>
         <input_file_ref idref="fl-132"/>
      </object_component>
      <object_component id="oc-b1">
         <name>.data</name>
         <load_address>0x20000000</load_address>
         <run_address>0x20000000</run_address>
         <size>0x8</size>
         <input_file_ref idref="fl-133"/>
      </object_component>
      <object_component id="oc-83">
         <name>.debug_info</name>
         <load_address>0x0</load_address>
         <run_address>0x0</run_address>
         <size>0x3fb</size>
         <input_file_ref idref="fl-2"/>
      </object_component>
      <object_component id="oc-32">
         <name>.debug_info</name>
         <load_address>0x3fb</load_address>
         <run_address>0x3fb</run_address>
         <size>0x1dd</size>
         <input_file_ref idref="fl-2"/>
      </object_component>
      <object_component id="oc-c3">
         <name>.debug_info</name>
         <load_address>0x5d8</load_address>
         <run_address>0x5d8</run_address>
         <size>0x103e</size>
         <input_file_ref idref="fl-2"/>
      </object_component>
      <object_component id="oc-be">
         <name>.debug_info</name>
         <load_address>0x1616</load_address>
         <run_address>0x1616</run_address>
         <size>0x36f2</size>
         <input_file_ref idref="fl-2"/>
      </object_component>
      <object_component id="oc-8b">
         <name>.debug_info</name>
         <load_address>0x4d08</load_address>
         <run_address>0x4d08</run_address>
         <size>0x84</size>
         <input_file_ref idref="fl-2"/>
      </object_component>
      <object_component id="oc-86">
         <name>.debug_info</name>
         <load_address>0x4d8c</load_address>
         <run_address>0x4d8c</run_address>
         <size>0x18b</size>
         <input_file_ref idref="fl-2"/>
      </object_component>
      <object_component id="oc-38">
         <name>.debug_info</name>
         <load_address>0x4f17</load_address>
         <run_address>0x4f17</run_address>
         <size>0x18c</size>
         <input_file_ref idref="fl-3"/>
      </object_component>
      <object_component id="oc-3f">
         <name>.debug_info</name>
         <load_address>0x50a3</load_address>
         <run_address>0x50a3</run_address>
         <size>0x109</size>
         <input_file_ref idref="fl-4"/>
      </object_component>
      <object_component id="oc-11">
         <name>.debug_info</name>
         <load_address>0x51ac</load_address>
         <run_address>0x51ac</run_address>
         <size>0xf6</size>
         <input_file_ref idref="fl-4"/>
      </object_component>
      <object_component id="oc-2c">
         <name>.debug_info</name>
         <load_address>0x52a2</load_address>
         <run_address>0x52a2</run_address>
         <size>0x16a2</size>
         <input_file_ref idref="fl-4"/>
      </object_component>
      <object_component id="oc-27">
         <name>.debug_info</name>
         <load_address>0x6944</load_address>
         <run_address>0x6944</run_address>
         <size>0x169</size>
         <input_file_ref idref="fl-12a"/>
      </object_component>
      <object_component id="oc-4b">
         <name>.debug_info</name>
         <load_address>0x6aad</load_address>
         <run_address>0x6aad</run_address>
         <size>0x156</size>
         <input_file_ref idref="fl-12b"/>
      </object_component>
      <object_component id="oc-16">
         <name>.debug_info</name>
         <load_address>0x6c03</load_address>
         <run_address>0x6c03</run_address>
         <size>0x1f5</size>
         <input_file_ref idref="fl-12b"/>
      </object_component>
      <object_component id="oc-46">
         <name>.debug_info</name>
         <load_address>0x6df8</load_address>
         <run_address>0x6df8</run_address>
         <size>0x46</size>
         <input_file_ref idref="fl-12b"/>
      </object_component>
      <object_component id="oc-94">
         <name>.debug_info</name>
         <load_address>0x6e3e</load_address>
         <run_address>0x6e3e</run_address>
         <size>0x2c</size>
         <input_file_ref idref="fl-12b"/>
      </object_component>
      <object_component id="oc-53">
         <name>.debug_info</name>
         <load_address>0x6e6a</load_address>
         <run_address>0x6e6a</run_address>
         <size>0x14a</size>
         <input_file_ref idref="fl-12c"/>
      </object_component>
      <object_component id="oc-4d">
         <name>.debug_info</name>
         <load_address>0x6fb4</load_address>
         <run_address>0x6fb4</run_address>
         <size>0x25d</size>
         <input_file_ref idref="fl-12c"/>
      </object_component>
      <object_component id="oc-1a">
         <name>.debug_info</name>
         <load_address>0x7211</load_address>
         <run_address>0x7211</run_address>
         <size>0x1c7</size>
         <input_file_ref idref="fl-12c"/>
      </object_component>
      <object_component id="oc-54">
         <name>.debug_info</name>
         <load_address>0x73d8</load_address>
         <run_address>0x73d8</run_address>
         <size>0x39</size>
         <input_file_ref idref="fl-12c"/>
      </object_component>
      <object_component id="oc-9e">
         <name>.debug_info</name>
         <load_address>0x7411</load_address>
         <run_address>0x7411</run_address>
         <size>0x2c</size>
         <input_file_ref idref="fl-12c"/>
      </object_component>
      <object_component id="oc-64">
         <name>.debug_info</name>
         <load_address>0x743d</load_address>
         <run_address>0x743d</run_address>
         <size>0x145</size>
         <input_file_ref idref="fl-12d"/>
      </object_component>
      <object_component id="oc-20">
         <name>.debug_info</name>
         <load_address>0x7582</load_address>
         <run_address>0x7582</run_address>
         <size>0x1c0</size>
         <input_file_ref idref="fl-12d"/>
      </object_component>
      <object_component id="oc-5f">
         <name>.debug_info</name>
         <load_address>0x7742</load_address>
         <run_address>0x7742</run_address>
         <size>0x46</size>
         <input_file_ref idref="fl-12d"/>
      </object_component>
      <object_component id="oc-b8">
         <name>.debug_info</name>
         <load_address>0x7788</load_address>
         <run_address>0x7788</run_address>
         <size>0x1a7</size>
         <input_file_ref idref="fl-12e"/>
      </object_component>
      <object_component id="oc-b5">
         <name>.debug_info</name>
         <load_address>0x792f</load_address>
         <run_address>0x792f</run_address>
         <size>0x14c</size>
         <input_file_ref idref="fl-12e"/>
      </object_component>
      <object_component id="oc-79">
         <name>.debug_info</name>
         <load_address>0x7a7b</load_address>
         <run_address>0x7a7b</run_address>
         <size>0x223</size>
         <input_file_ref idref="fl-12e"/>
      </object_component>
      <object_component id="oc-41">
         <name>.debug_info</name>
         <load_address>0x7c9e</load_address>
         <run_address>0x7c9e</run_address>
         <size>0x12b</size>
         <input_file_ref idref="fl-12f"/>
      </object_component>
      <object_component id="oc-5a">
         <name>.debug_info</name>
         <load_address>0x7dc9</load_address>
         <run_address>0x7dc9</run_address>
         <size>0x159</size>
         <input_file_ref idref="fl-130"/>
      </object_component>
      <object_component id="oc-66">
         <name>.debug_info</name>
         <load_address>0x7f22</load_address>
         <run_address>0x7f22</run_address>
         <size>0x15e</size>
         <input_file_ref idref="fl-131"/>
      </object_component>
      <object_component id="oc-7e">
         <name>.debug_info</name>
         <load_address>0x8080</load_address>
         <run_address>0x8080</run_address>
         <size>0x11f</size>
         <input_file_ref idref="fl-132"/>
      </object_component>
      <object_component id="oc-e5">
         <name>.debug_info</name>
         <load_address>0x819f</load_address>
         <run_address>0x819f</run_address>
         <size>0x13a</size>
         <input_file_ref idref="fl-133"/>
      </object_component>
      <object_component id="oc-b2">
         <name>.debug_info</name>
         <load_address>0x82d9</load_address>
         <run_address>0x82d9</run_address>
         <size>0x129</size>
         <input_file_ref idref="fl-133"/>
      </object_component>
      <object_component id="oc-de">
         <name>.debug_info</name>
         <load_address>0x8402</load_address>
         <run_address>0x8402</run_address>
         <size>0x235</size>
         <input_file_ref idref="fl-133"/>
      </object_component>
      <object_component id="oc-b0">
         <name>.debug_info</name>
         <load_address>0x8637</load_address>
         <run_address>0x8637</run_address>
         <size>0x17c</size>
         <input_file_ref idref="fl-134"/>
      </object_component>
      <object_component id="oc-72">
         <name>.debug_info</name>
         <load_address>0x87b3</load_address>
         <run_address>0x87b3</run_address>
         <size>0x17d</size>
         <input_file_ref idref="fl-134"/>
      </object_component>
      <object_component id="oc-d8">
         <name>.debug_info</name>
         <load_address>0x8930</load_address>
         <run_address>0x8930</run_address>
         <size>0x5e</size>
         <input_file_ref idref="fl-134"/>
      </object_component>
      <object_component id="oc-ae">
         <name>.debug_info</name>
         <load_address>0x898e</load_address>
         <run_address>0x898e</run_address>
         <size>0x2d3</size>
         <input_file_ref idref="fl-135"/>
      </object_component>
      <object_component id="oc-6c">
         <name>.debug_info</name>
         <load_address>0x8c61</load_address>
         <run_address>0x8c61</run_address>
         <size>0x18d</size>
         <input_file_ref idref="fl-135"/>
      </object_component>
      <object_component id="oc-cc">
         <name>.debug_info</name>
         <load_address>0x8dee</load_address>
         <run_address>0x8dee</run_address>
         <size>0x39</size>
         <input_file_ref idref="fl-135"/>
      </object_component>
      <object_component id="oc-d1">
         <name>.debug_info</name>
         <load_address>0x8e27</load_address>
         <run_address>0x8e27</run_address>
         <size>0xcd</size>
         <input_file_ref idref="fl-135"/>
      </object_component>
      <object_component id="oc-c9">
         <name>.debug_info</name>
         <load_address>0x8ef4</load_address>
         <run_address>0x8ef4</run_address>
         <size>0x1f6</size>
         <input_file_ref idref="fl-136"/>
      </object_component>
      <object_component id="oc-a8">
         <name>.debug_info</name>
         <load_address>0x90ea</load_address>
         <run_address>0x90ea</run_address>
         <size>0x199</size>
         <input_file_ref idref="fl-136"/>
      </object_component>
      <object_component id="oc-ed">
         <name>.debug_info</name>
         <load_address>0x9283</load_address>
         <run_address>0x9283</run_address>
         <size>0x2c</size>
         <input_file_ref idref="fl-136"/>
      </object_component>
      <object_component id="oc-11b">
         <name>.debug_info</name>
         <load_address>0x92af</load_address>
         <run_address>0x92af</run_address>
         <size>0xae</size>
      </object_component>
      <object_component id="oc-bd">
         <name>.debug_line</name>
         <load_address>0x0</load_address>
         <run_address>0x0</run_address>
         <size>0x34</size>
         <input_file_ref idref="fl-2"/>
      </object_component>
      <object_component id="oc-35">
         <name>.debug_line</name>
         <load_address>0x34</load_address>
         <run_address>0x34</run_address>
         <size>0x72</size>
         <input_file_ref idref="fl-2"/>
      </object_component>
      <object_component id="oc-c6">
         <name>.debug_line</name>
         <load_address>0xa6</load_address>
         <run_address>0xa6</run_address>
         <size>0x55</size>
         <input_file_ref idref="fl-2"/>
      </object_component>
      <object_component id="oc-c1">
         <name>.debug_line</name>
         <load_address>0xfb</load_address>
         <run_address>0xfb</run_address>
         <size>0x52</size>
         <input_file_ref idref="fl-2"/>
      </object_component>
      <object_component id="oc-8e">
         <name>.debug_line</name>
         <load_address>0x14d</load_address>
         <run_address>0x14d</run_address>
         <size>0x20</size>
         <input_file_ref idref="fl-2"/>
      </object_component>
      <object_component id="oc-89">
         <name>.debug_line</name>
         <load_address>0x16d</load_address>
         <run_address>0x16d</run_address>
         <size>0x60</size>
         <input_file_ref idref="fl-2"/>
      </object_component>
      <object_component id="oc-3b">
         <name>.debug_line</name>
         <load_address>0x1cd</load_address>
         <run_address>0x1cd</run_address>
         <size>0x8b</size>
         <input_file_ref idref="fl-3"/>
      </object_component>
      <object_component id="oc-92">
         <name>.debug_line</name>
         <load_address>0x258</load_address>
         <run_address>0x258</run_address>
         <size>0x3b</size>
         <input_file_ref idref="fl-4"/>
      </object_component>
      <object_component id="oc-3e">
         <name>.debug_line</name>
         <load_address>0x293</load_address>
         <run_address>0x293</run_address>
         <size>0x3b</size>
         <input_file_ref idref="fl-4"/>
      </object_component>
      <object_component id="oc-2f">
         <name>.debug_line</name>
         <load_address>0x2ce</load_address>
         <run_address>0x2ce</run_address>
         <size>0x55a</size>
         <input_file_ref idref="fl-4"/>
      </object_component>
      <object_component id="oc-29">
         <name>.debug_line</name>
         <load_address>0x828</load_address>
         <run_address>0x828</run_address>
         <size>0x52</size>
         <input_file_ref idref="fl-12a"/>
      </object_component>
      <object_component id="oc-9a">
         <name>.debug_line</name>
         <load_address>0x87a</load_address>
         <run_address>0x87a</run_address>
         <size>0xa5</size>
         <input_file_ref idref="fl-12b"/>
      </object_component>
      <object_component id="oc-18">
         <name>.debug_line</name>
         <load_address>0x91f</load_address>
         <run_address>0x91f</run_address>
         <size>0x55</size>
         <input_file_ref idref="fl-12b"/>
      </object_component>
      <object_component id="oc-49">
         <name>.debug_line</name>
         <load_address>0x974</load_address>
         <run_address>0x974</run_address>
         <size>0x3a</size>
         <input_file_ref idref="fl-12b"/>
      </object_component>
      <object_component id="oc-97">
         <name>.debug_line</name>
         <load_address>0x9ae</load_address>
         <run_address>0x9ae</run_address>
         <size>0xa5</size>
         <input_file_ref idref="fl-12b"/>
      </object_component>
      <object_component id="oc-9d">
         <name>.debug_line</name>
         <load_address>0xa53</load_address>
         <run_address>0xa53</run_address>
         <size>0xa5</size>
         <input_file_ref idref="fl-12c"/>
      </object_component>
      <object_component id="oc-50">
         <name>.debug_line</name>
         <load_address>0xaf8</load_address>
         <run_address>0xaf8</run_address>
         <size>0x98</size>
         <input_file_ref idref="fl-12c"/>
      </object_component>
      <object_component id="oc-1d">
         <name>.debug_line</name>
         <load_address>0xb90</load_address>
         <run_address>0xb90</run_address>
         <size>0x4b</size>
         <input_file_ref idref="fl-12c"/>
      </object_component>
      <object_component id="oc-57">
         <name>.debug_line</name>
         <load_address>0xbdb</load_address>
         <run_address>0xbdb</run_address>
         <size>0x39</size>
         <input_file_ref idref="fl-12c"/>
      </object_component>
      <object_component id="oc-a1">
         <name>.debug_line</name>
         <load_address>0xc14</load_address>
         <run_address>0xc14</run_address>
         <size>0xa5</size>
         <input_file_ref idref="fl-12c"/>
      </object_component>
      <object_component id="oc-a5">
         <name>.debug_line</name>
         <load_address>0xcb9</load_address>
         <run_address>0xcb9</run_address>
         <size>0xa5</size>
         <input_file_ref idref="fl-12d"/>
      </object_component>
      <object_component id="oc-23">
         <name>.debug_line</name>
         <load_address>0xd5e</load_address>
         <run_address>0xd5e</run_address>
         <size>0x4f</size>
         <input_file_ref idref="fl-12d"/>
      </object_component>
      <object_component id="oc-62">
         <name>.debug_line</name>
         <load_address>0xdad</load_address>
         <run_address>0xdad</run_address>
         <size>0x34</size>
         <input_file_ref idref="fl-12d"/>
      </object_component>
      <object_component id="oc-ea">
         <name>.debug_line</name>
         <load_address>0xde1</load_address>
         <run_address>0xde1</run_address>
         <size>0xa4</size>
         <input_file_ref idref="fl-12e"/>
      </object_component>
      <object_component id="oc-e8">
         <name>.debug_line</name>
         <load_address>0xe85</load_address>
         <run_address>0xe85</run_address>
         <size>0x2a</size>
         <input_file_ref idref="fl-12e"/>
      </object_component>
      <object_component id="oc-78">
         <name>.debug_line</name>
         <load_address>0xeaf</load_address>
         <run_address>0xeaf</run_address>
         <size>0x7a</size>
         <input_file_ref idref="fl-12e"/>
      </object_component>
      <object_component id="oc-44">
         <name>.debug_line</name>
         <load_address>0xf29</load_address>
         <run_address>0xf29</run_address>
         <size>0x88</size>
         <input_file_ref idref="fl-12f"/>
      </object_component>
      <object_component id="oc-5d">
         <name>.debug_line</name>
         <load_address>0xfb1</load_address>
         <run_address>0xfb1</run_address>
         <size>0x79</size>
         <input_file_ref idref="fl-130"/>
      </object_component>
      <object_component id="oc-69">
         <name>.debug_line</name>
         <load_address>0x102a</load_address>
         <run_address>0x102a</run_address>
         <size>0x40</size>
         <input_file_ref idref="fl-131"/>
      </object_component>
      <object_component id="oc-bb">
         <name>.debug_line</name>
         <load_address>0x106a</load_address>
         <run_address>0x106a</run_address>
         <size>0x33</size>
         <input_file_ref idref="fl-132"/>
      </object_component>
      <object_component id="oc-f4">
         <name>.debug_line</name>
         <load_address>0x109d</load_address>
         <run_address>0x109d</run_address>
         <size>0x20</size>
         <input_file_ref idref="fl-133"/>
      </object_component>
      <object_component id="oc-e4">
         <name>.debug_line</name>
         <load_address>0x10bd</load_address>
         <run_address>0x10bd</run_address>
         <size>0x2b</size>
         <input_file_ref idref="fl-133"/>
      </object_component>
      <object_component id="oc-e1">
         <name>.debug_line</name>
         <load_address>0x10e8</load_address>
         <run_address>0x10e8</run_address>
         <size>0x68</size>
         <input_file_ref idref="fl-133"/>
      </object_component>
      <object_component id="oc-d7">
         <name>.debug_line</name>
         <load_address>0x1150</load_address>
         <run_address>0x1150</run_address>
         <size>0x2b</size>
         <input_file_ref idref="fl-134"/>
      </object_component>
      <object_component id="oc-75">
         <name>.debug_line</name>
         <load_address>0x117b</load_address>
         <run_address>0x117b</run_address>
         <size>0x50</size>
         <input_file_ref idref="fl-134"/>
      </object_component>
      <object_component id="oc-db">
         <name>.debug_line</name>
         <load_address>0x11cb</load_address>
         <run_address>0x11cb</run_address>
         <size>0x2b</size>
         <input_file_ref idref="fl-134"/>
      </object_component>
      <object_component id="oc-cb">
         <name>.debug_line</name>
         <load_address>0x11f6</load_address>
         <run_address>0x11f6</run_address>
         <size>0xb4</size>
         <input_file_ref idref="fl-135"/>
      </object_component>
      <object_component id="oc-6f">
         <name>.debug_line</name>
         <load_address>0x12aa</load_address>
         <run_address>0x12aa</run_address>
         <size>0x79</size>
         <input_file_ref idref="fl-135"/>
      </object_component>
      <object_component id="oc-cf">
         <name>.debug_line</name>
         <load_address>0x1323</load_address>
         <run_address>0x1323</run_address>
         <size>0x2e</size>
         <input_file_ref idref="fl-135"/>
      </object_component>
      <object_component id="oc-d4">
         <name>.debug_line</name>
         <load_address>0x1351</load_address>
         <run_address>0x1351</run_address>
         <size>0xa6</size>
         <input_file_ref idref="fl-135"/>
      </object_component>
      <object_component id="oc-ec">
         <name>.debug_line</name>
         <load_address>0x13f7</load_address>
         <run_address>0x13f7</run_address>
         <size>0xb3</size>
         <input_file_ref idref="fl-136"/>
      </object_component>
      <object_component id="oc-ab">
         <name>.debug_line</name>
         <load_address>0x14aa</load_address>
         <run_address>0x14aa</run_address>
         <size>0x68</size>
         <input_file_ref idref="fl-136"/>
      </object_component>
      <object_component id="oc-f0">
         <name>.debug_line</name>
         <load_address>0x1512</load_address>
         <run_address>0x1512</run_address>
         <size>0x2e</size>
         <input_file_ref idref="fl-136"/>
      </object_component>
      <object_component id="oc-36">
         <name>.debug_frame</name>
         <load_address>0x0</load_address>
         <run_address>0x0</run_address>
         <size>0x9b</size>
         <input_file_ref idref="fl-2"/>
      </object_component>
      <object_component id="oc-3c">
         <name>.debug_frame</name>
         <load_address>0x9b</load_address>
         <run_address>0x9b</run_address>
         <size>0x98</size>
         <input_file_ref idref="fl-3"/>
      </object_component>
      <object_component id="oc-30">
         <name>.debug_frame</name>
         <load_address>0x133</load_address>
         <run_address>0x133</run_address>
         <size>0x404</size>
         <input_file_ref idref="fl-4"/>
      </object_component>
      <object_component id="oc-15">
         <name>.debug_frame</name>
         <load_address>0x537</load_address>
         <run_address>0x537</run_address>
         <size>0x7f</size>
         <input_file_ref idref="fl-12b"/>
      </object_component>
      <object_component id="oc-51">
         <name>.debug_frame</name>
         <load_address>0x5b6</load_address>
         <run_address>0x5b6</run_address>
         <size>0x8e</size>
         <input_file_ref idref="fl-12c"/>
      </object_component>
      <object_component id="oc-1e">
         <name>.debug_frame</name>
         <load_address>0x644</load_address>
         <run_address>0x644</run_address>
         <size>0x7f</size>
         <input_file_ref idref="fl-12c"/>
      </object_component>
      <object_component id="oc-24">
         <name>.debug_frame</name>
         <load_address>0x6c3</load_address>
         <run_address>0x6c3</run_address>
         <size>0x7f</size>
         <input_file_ref idref="fl-12d"/>
      </object_component>
      <object_component id="oc-7c">
         <name>.debug_frame</name>
         <load_address>0x742</load_address>
         <run_address>0x742</run_address>
         <size>0xb3</size>
         <input_file_ref idref="fl-12e"/>
      </object_component>
      <object_component id="oc-6a">
         <name>.debug_frame</name>
         <load_address>0x7f5</load_address>
         <run_address>0x7f5</run_address>
         <size>0x7f</size>
         <input_file_ref idref="fl-131"/>
      </object_component>
      <object_component id="oc-e2">
         <name>.debug_frame</name>
         <load_address>0x874</load_address>
         <run_address>0x874</run_address>
         <size>0xa1</size>
         <input_file_ref idref="fl-133"/>
      </object_component>
      <object_component id="oc-76">
         <name>.debug_frame</name>
         <load_address>0x915</load_address>
         <run_address>0x915</run_address>
         <size>0x7f</size>
         <input_file_ref idref="fl-134"/>
      </object_component>
      <object_component id="oc-70">
         <name>.debug_frame</name>
         <load_address>0x994</load_address>
         <run_address>0x994</run_address>
         <size>0x8a</size>
         <input_file_ref idref="fl-135"/>
      </object_component>
      <object_component id="oc-ac">
         <name>.debug_frame</name>
         <load_address>0xa1e</load_address>
         <run_address>0xa1e</run_address>
         <size>0x8e</size>
         <input_file_ref idref="fl-136"/>
      </object_component>
      <object_component id="oc-bc">
         <name>.debug_abbrev</name>
         <load_address>0x0</load_address>
         <run_address>0x0</run_address>
         <size>0xaf</size>
         <input_file_ref idref="fl-2"/>
      </object_component>
      <object_component id="oc-85">
         <name>.debug_abbrev</name>
         <load_address>0xaf</load_address>
         <run_address>0xaf</run_address>
         <size>0x7a</size>
         <input_file_ref idref="fl-2"/>
      </object_component>
      <object_component id="oc-c5">
         <name>.debug_abbrev</name>
         <load_address>0x129</load_address>
         <run_address>0x129</run_address>
         <size>0x97</size>
         <input_file_ref idref="fl-2"/>
      </object_component>
      <object_component id="oc-c0">
         <name>.debug_abbrev</name>
         <load_address>0x1c0</load_address>
         <run_address>0x1c0</run_address>
         <size>0xbd</size>
         <input_file_ref idref="fl-2"/>
      </object_component>
      <object_component id="oc-8d">
         <name>.debug_abbrev</name>
         <load_address>0x27d</load_address>
         <run_address>0x27d</run_address>
         <size>0x1f</size>
         <input_file_ref idref="fl-2"/>
      </object_component>
      <object_component id="oc-88">
         <name>.debug_abbrev</name>
         <load_address>0x29c</load_address>
         <run_address>0x29c</run_address>
         <size>0x35</size>
         <input_file_ref idref="fl-2"/>
      </object_component>
      <object_component id="oc-90">
         <name>.debug_abbrev</name>
         <load_address>0x2d1</load_address>
         <run_address>0x2d1</run_address>
         <size>0x8d</size>
         <input_file_ref idref="fl-3"/>
      </object_component>
      <object_component id="oc-91">
         <name>.debug_abbrev</name>
         <load_address>0x35e</load_address>
         <run_address>0x35e</run_address>
         <size>0x5d</size>
         <input_file_ref idref="fl-4"/>
      </object_component>
      <object_component id="oc-3d">
         <name>.debug_abbrev</name>
         <load_address>0x3bb</load_address>
         <run_address>0x3bb</run_address>
         <size>0x29</size>
         <input_file_ref idref="fl-4"/>
      </object_component>
      <object_component id="oc-81">
         <name>.debug_abbrev</name>
         <load_address>0x3e4</load_address>
         <run_address>0x3e4</run_address>
         <size>0xf8</size>
         <input_file_ref idref="fl-4"/>
      </object_component>
      <object_component id="oc-80">
         <name>.debug_abbrev</name>
         <load_address>0x4dc</load_address>
         <run_address>0x4dc</run_address>
         <size>0x3e</size>
         <input_file_ref idref="fl-12a"/>
      </object_component>
      <object_component id="oc-99">
         <name>.debug_abbrev</name>
         <load_address>0x51a</load_address>
         <run_address>0x51a</run_address>
         <size>0x52</size>
         <input_file_ref idref="fl-12b"/>
      </object_component>
      <object_component id="oc-45">
         <name>.debug_abbrev</name>
         <load_address>0x56c</load_address>
         <run_address>0x56c</run_address>
         <size>0x74</size>
         <input_file_ref idref="fl-12b"/>
      </object_component>
      <object_component id="oc-48">
         <name>.debug_abbrev</name>
         <load_address>0x5e0</load_address>
         <run_address>0x5e0</run_address>
         <size>0x24</size>
         <input_file_ref idref="fl-12b"/>
      </object_component>
      <object_component id="oc-96">
         <name>.debug_abbrev</name>
         <load_address>0x604</load_address>
         <run_address>0x604</run_address>
         <size>0x24</size>
         <input_file_ref idref="fl-12b"/>
      </object_component>
      <object_component id="oc-9c">
         <name>.debug_abbrev</name>
         <load_address>0x628</load_address>
         <run_address>0x628</run_address>
         <size>0x52</size>
         <input_file_ref idref="fl-12c"/>
      </object_component>
      <object_component id="oc-9b">
         <name>.debug_abbrev</name>
         <load_address>0x67a</load_address>
         <run_address>0x67a</run_address>
         <size>0x7b</size>
         <input_file_ref idref="fl-12c"/>
      </object_component>
      <object_component id="oc-52">
         <name>.debug_abbrev</name>
         <load_address>0x6f5</load_address>
         <run_address>0x6f5</run_address>
         <size>0x66</size>
         <input_file_ref idref="fl-12c"/>
      </object_component>
      <object_component id="oc-56">
         <name>.debug_abbrev</name>
         <load_address>0x75b</load_address>
         <run_address>0x75b</run_address>
         <size>0x24</size>
         <input_file_ref idref="fl-12c"/>
      </object_component>
      <object_component id="oc-a0">
         <name>.debug_abbrev</name>
         <load_address>0x77f</load_address>
         <run_address>0x77f</run_address>
         <size>0x24</size>
         <input_file_ref idref="fl-12c"/>
      </object_component>
      <object_component id="oc-a4">
         <name>.debug_abbrev</name>
         <load_address>0x7a3</load_address>
         <run_address>0x7a3</run_address>
         <size>0x52</size>
         <input_file_ref idref="fl-12d"/>
      </object_component>
      <object_component id="oc-5e">
         <name>.debug_abbrev</name>
         <load_address>0x7f5</load_address>
         <run_address>0x7f5</run_address>
         <size>0x74</size>
         <input_file_ref idref="fl-12d"/>
      </object_component>
      <object_component id="oc-61">
         <name>.debug_abbrev</name>
         <load_address>0x869</load_address>
         <run_address>0x869</run_address>
         <size>0x24</size>
         <input_file_ref idref="fl-12d"/>
      </object_component>
      <object_component id="oc-e9">
         <name>.debug_abbrev</name>
         <load_address>0x88d</load_address>
         <run_address>0x88d</run_address>
         <size>0x6b</size>
         <input_file_ref idref="fl-12e"/>
      </object_component>
      <object_component id="oc-e7">
         <name>.debug_abbrev</name>
         <load_address>0x8f8</load_address>
         <run_address>0x8f8</run_address>
         <size>0x29</size>
         <input_file_ref idref="fl-12e"/>
      </object_component>
      <object_component id="oc-b7">
         <name>.debug_abbrev</name>
         <load_address>0x921</load_address>
         <run_address>0x921</run_address>
         <size>0xba</size>
         <input_file_ref idref="fl-12e"/>
      </object_component>
      <object_component id="oc-93">
         <name>.debug_abbrev</name>
         <load_address>0x9db</load_address>
         <run_address>0x9db</run_address>
         <size>0x3e</size>
         <input_file_ref idref="fl-12f"/>
      </object_component>
      <object_component id="oc-a3">
         <name>.debug_abbrev</name>
         <load_address>0xa19</load_address>
         <run_address>0xa19</run_address>
         <size>0x4f</size>
         <input_file_ref idref="fl-130"/>
      </object_component>
      <object_component id="oc-a6">
         <name>.debug_abbrev</name>
         <load_address>0xa68</load_address>
         <run_address>0xa68</run_address>
         <size>0x55</size>
         <input_file_ref idref="fl-131"/>
      </object_component>
      <object_component id="oc-ba">
         <name>.debug_abbrev</name>
         <load_address>0xabd</load_address>
         <run_address>0xabd</run_address>
         <size>0x27</size>
         <input_file_ref idref="fl-132"/>
      </object_component>
      <object_component id="oc-f3">
         <name>.debug_abbrev</name>
         <load_address>0xae4</load_address>
         <run_address>0xae4</run_address>
         <size>0x45</size>
         <input_file_ref idref="fl-133"/>
      </object_component>
      <object_component id="oc-e3">
         <name>.debug_abbrev</name>
         <load_address>0xb29</load_address>
         <run_address>0xb29</run_address>
         <size>0x29</size>
         <input_file_ref idref="fl-133"/>
      </object_component>
      <object_component id="oc-f2">
         <name>.debug_abbrev</name>
         <load_address>0xb52</load_address>
         <run_address>0xb52</run_address>
         <size>0x6f</size>
         <input_file_ref idref="fl-133"/>
      </object_component>
      <object_component id="oc-d6">
         <name>.debug_abbrev</name>
         <load_address>0xbc1</load_address>
         <run_address>0xbc1</run_address>
         <size>0x8e</size>
         <input_file_ref idref="fl-134"/>
      </object_component>
      <object_component id="oc-af">
         <name>.debug_abbrev</name>
         <load_address>0xc4f</load_address>
         <run_address>0xc4f</run_address>
         <size>0x68</size>
         <input_file_ref idref="fl-134"/>
      </object_component>
      <object_component id="oc-da">
         <name>.debug_abbrev</name>
         <load_address>0xcb7</load_address>
         <run_address>0xcb7</run_address>
         <size>0x49</size>
         <input_file_ref idref="fl-134"/>
      </object_component>
      <object_component id="oc-ca">
         <name>.debug_abbrev</name>
         <load_address>0xd00</load_address>
         <run_address>0xd00</run_address>
         <size>0x9a</size>
         <input_file_ref idref="fl-135"/>
      </object_component>
      <object_component id="oc-ad">
         <name>.debug_abbrev</name>
         <load_address>0xd9a</load_address>
         <run_address>0xd9a</run_address>
         <size>0x7e</size>
         <input_file_ref idref="fl-135"/>
      </object_component>
      <object_component id="oc-ce">
         <name>.debug_abbrev</name>
         <load_address>0xe18</load_address>
         <run_address>0xe18</run_address>
         <size>0x24</size>
         <input_file_ref idref="fl-135"/>
      </object_component>
      <object_component id="oc-d3">
         <name>.debug_abbrev</name>
         <load_address>0xe3c</load_address>
         <run_address>0xe3c</run_address>
         <size>0x4b</size>
         <input_file_ref idref="fl-135"/>
      </object_component>
      <object_component id="oc-eb">
         <name>.debug_abbrev</name>
         <load_address>0xe87</load_address>
         <run_address>0xe87</run_address>
         <size>0x9c</size>
         <input_file_ref idref="fl-136"/>
      </object_component>
      <object_component id="oc-c8">
         <name>.debug_abbrev</name>
         <load_address>0xf23</load_address>
         <run_address>0xf23</run_address>
         <size>0x8c</size>
         <input_file_ref idref="fl-136"/>
      </object_component>
      <object_component id="oc-ef">
         <name>.debug_abbrev</name>
         <load_address>0xfaf</load_address>
         <run_address>0xfaf</run_address>
         <size>0x24</size>
         <input_file_ref idref="fl-136"/>
      </object_component>
      <object_component id="oc-11c">
         <name>.debug_abbrev</name>
         <load_address>0xfd3</load_address>
         <run_address>0xfd3</run_address>
         <size>0xf</size>
      </object_component>
      <object_component id="oc-c7">
         <name>.debug_str</name>
         <load_address>0x0</load_address>
         <run_address>0x0</run_address>
         <size>0x478</size>
         <input_file_ref idref="fl-2"/>
      </object_component>
      <object_component id="oc-c2">
         <name>.debug_str</name>
         <load_address>0x478</load_address>
         <run_address>0x478</run_address>
         <size>0x1743</size>
         <input_file_ref idref="fl-2"/>
      </object_component>
      <object_component id="oc-8f">
         <name>.debug_str</name>
         <load_address>0x1bbb</load_address>
         <run_address>0x1bbb</run_address>
         <size>0xf5</size>
         <input_file_ref idref="fl-2"/>
      </object_component>
      <object_component id="oc-8a">
         <name>.debug_str</name>
         <load_address>0x1cb0</load_address>
         <run_address>0x1cb0</run_address>
         <size>0x21c</size>
         <input_file_ref idref="fl-2"/>
      </object_component>
      <object_component id="oc-4a">
         <name>.debug_str</name>
         <load_address>0x1ecc</load_address>
         <run_address>0x1ecc</run_address>
         <size>0x116</size>
         <input_file_ref idref="fl-12b"/>
      </object_component>
      <object_component id="oc-98">
         <name>.debug_str</name>
         <load_address>0x1fe2</load_address>
         <run_address>0x1fe2</run_address>
         <size>0x15e</size>
         <input_file_ref idref="fl-12b"/>
      </object_component>
      <object_component id="oc-58">
         <name>.debug_str</name>
         <load_address>0x2140</load_address>
         <run_address>0x2140</run_address>
         <size>0x108</size>
         <input_file_ref idref="fl-12c"/>
      </object_component>
      <object_component id="oc-a2">
         <name>.debug_str</name>
         <load_address>0x2248</load_address>
         <run_address>0x2248</run_address>
         <size>0x15e</size>
         <input_file_ref idref="fl-12c"/>
      </object_component>
      <object_component id="oc-63">
         <name>.debug_str</name>
         <load_address>0x23a6</load_address>
         <run_address>0x23a6</run_address>
         <size>0x110</size>
         <input_file_ref idref="fl-12d"/>
      </object_component>
      <object_component id="oc-dc">
         <name>.debug_str</name>
         <load_address>0x24b6</load_address>
         <run_address>0x24b6</run_address>
         <size>0xec</size>
         <input_file_ref idref="fl-134"/>
      </object_component>
      <object_component id="oc-d0">
         <name>.debug_str</name>
         <load_address>0x25a2</load_address>
         <run_address>0x25a2</run_address>
         <size>0xf8</size>
         <input_file_ref idref="fl-135"/>
      </object_component>
      <object_component id="oc-d5">
         <name>.debug_str</name>
         <load_address>0x269a</load_address>
         <run_address>0x269a</run_address>
         <size>0x1b5</size>
         <input_file_ref idref="fl-135"/>
      </object_component>
      <object_component id="oc-f1">
         <name>.debug_str</name>
         <load_address>0x284f</load_address>
         <run_address>0x284f</run_address>
         <size>0xed</size>
         <input_file_ref idref="fl-136"/>
      </object_component>
      <object_component id="oc-33">
         <name>.debug_aranges</name>
         <load_address>0x0</load_address>
         <run_address>0x0</run_address>
         <size>0x28</size>
         <input_file_ref idref="fl-2"/>
      </object_component>
      <object_component id="oc-39">
         <name>.debug_aranges</name>
         <load_address>0x28</load_address>
         <run_address>0x28</run_address>
         <size>0x28</size>
         <input_file_ref idref="fl-3"/>
      </object_component>
      <object_component id="oc-2d">
         <name>.debug_aranges</name>
         <load_address>0x50</load_address>
         <run_address>0x50</run_address>
         <size>0x1c8</size>
         <input_file_ref idref="fl-4"/>
      </object_component>
      <object_component id="oc-26">
         <name>.debug_aranges</name>
         <load_address>0x218</load_address>
         <run_address>0x218</run_address>
         <size>0x20</size>
         <input_file_ref idref="fl-12a"/>
      </object_component>
      <object_component id="oc-14">
         <name>.debug_aranges</name>
         <load_address>0x238</load_address>
         <run_address>0x238</run_address>
         <size>0x20</size>
         <input_file_ref idref="fl-12b"/>
      </object_component>
      <object_component id="oc-4e">
         <name>.debug_aranges</name>
         <load_address>0x258</load_address>
         <run_address>0x258</run_address>
         <size>0x20</size>
         <input_file_ref idref="fl-12c"/>
      </object_component>
      <object_component id="oc-1b">
         <name>.debug_aranges</name>
         <load_address>0x278</load_address>
         <run_address>0x278</run_address>
         <size>0x20</size>
         <input_file_ref idref="fl-12c"/>
      </object_component>
      <object_component id="oc-21">
         <name>.debug_aranges</name>
         <load_address>0x298</load_address>
         <run_address>0x298</run_address>
         <size>0x20</size>
         <input_file_ref idref="fl-12d"/>
      </object_component>
      <object_component id="oc-7a">
         <name>.debug_aranges</name>
         <load_address>0x2b8</load_address>
         <run_address>0x2b8</run_address>
         <size>0x30</size>
         <input_file_ref idref="fl-12e"/>
      </object_component>
      <object_component id="oc-42">
         <name>.debug_aranges</name>
         <load_address>0x2e8</load_address>
         <run_address>0x2e8</run_address>
         <size>0x20</size>
         <input_file_ref idref="fl-12f"/>
      </object_component>
      <object_component id="oc-5b">
         <name>.debug_aranges</name>
         <load_address>0x308</load_address>
         <run_address>0x308</run_address>
         <size>0x28</size>
         <input_file_ref idref="fl-130"/>
      </object_component>
      <object_component id="oc-67">
         <name>.debug_aranges</name>
         <load_address>0x330</load_address>
         <run_address>0x330</run_address>
         <size>0x20</size>
         <input_file_ref idref="fl-131"/>
      </object_component>
      <object_component id="oc-df">
         <name>.debug_aranges</name>
         <load_address>0x350</load_address>
         <run_address>0x350</run_address>
         <size>0x30</size>
         <input_file_ref idref="fl-133"/>
      </object_component>
      <object_component id="oc-73">
         <name>.debug_aranges</name>
         <load_address>0x380</load_address>
         <run_address>0x380</run_address>
         <size>0x20</size>
         <input_file_ref idref="fl-134"/>
      </object_component>
      <object_component id="oc-6d">
         <name>.debug_aranges</name>
         <load_address>0x3a0</load_address>
         <run_address>0x3a0</run_address>
         <size>0x20</size>
         <input_file_ref idref="fl-135"/>
      </object_component>
      <object_component id="oc-a9">
         <name>.debug_aranges</name>
         <load_address>0x3c0</load_address>
         <run_address>0x3c0</run_address>
         <size>0x20</size>
         <input_file_ref idref="fl-136"/>
      </object_component>
      <object_component id="oc-84">
         <name>.debug_pubnames</name>
         <load_address>0x0</load_address>
         <run_address>0x0</run_address>
         <size>0x1d</size>
         <input_file_ref idref="fl-2"/>
      </object_component>
      <object_component id="oc-34">
         <name>.debug_pubnames</name>
         <load_address>0x1d</load_address>
         <run_address>0x1d</run_address>
         <size>0x37</size>
         <input_file_ref idref="fl-2"/>
      </object_component>
      <object_component id="oc-3a">
         <name>.debug_pubnames</name>
         <load_address>0x54</load_address>
         <run_address>0x54</run_address>
         <size>0x30</size>
         <input_file_ref idref="fl-3"/>
      </object_component>
      <object_component id="oc-12">
         <name>.debug_pubnames</name>
         <load_address>0x84</load_address>
         <run_address>0x84</run_address>
         <size>0x27</size>
         <input_file_ref idref="fl-4"/>
      </object_component>
      <object_component id="oc-2e">
         <name>.debug_pubnames</name>
         <load_address>0xab</load_address>
         <run_address>0xab</run_address>
         <size>0x474</size>
         <input_file_ref idref="fl-4"/>
      </object_component>
      <object_component id="oc-28">
         <name>.debug_pubnames</name>
         <load_address>0x51f</load_address>
         <run_address>0x51f</run_address>
         <size>0x1f</size>
         <input_file_ref idref="fl-12a"/>
      </object_component>
      <object_component id="oc-17">
         <name>.debug_pubnames</name>
         <load_address>0x53e</load_address>
         <run_address>0x53e</run_address>
         <size>0x2b</size>
         <input_file_ref idref="fl-12b"/>
      </object_component>
      <object_component id="oc-4f">
         <name>.debug_pubnames</name>
         <load_address>0x569</load_address>
         <run_address>0x569</run_address>
         <size>0x2f</size>
         <input_file_ref idref="fl-12c"/>
      </object_component>
      <object_component id="oc-1c">
         <name>.debug_pubnames</name>
         <load_address>0x598</load_address>
         <run_address>0x598</run_address>
         <size>0x2c</size>
         <input_file_ref idref="fl-12c"/>
      </object_component>
      <object_component id="oc-22">
         <name>.debug_pubnames</name>
         <load_address>0x5c4</load_address>
         <run_address>0x5c4</run_address>
         <size>0x25</size>
         <input_file_ref idref="fl-12d"/>
      </object_component>
      <object_component id="oc-b6">
         <name>.debug_pubnames</name>
         <load_address>0x5e9</load_address>
         <run_address>0x5e9</run_address>
         <size>0x3a</size>
         <input_file_ref idref="fl-12e"/>
      </object_component>
      <object_component id="oc-7b">
         <name>.debug_pubnames</name>
         <load_address>0x623</load_address>
         <run_address>0x623</run_address>
         <size>0x35</size>
         <input_file_ref idref="fl-12e"/>
      </object_component>
      <object_component id="oc-43">
         <name>.debug_pubnames</name>
         <load_address>0x658</load_address>
         <run_address>0x658</run_address>
         <size>0x1d</size>
         <input_file_ref idref="fl-12f"/>
      </object_component>
      <object_component id="oc-5c">
         <name>.debug_pubnames</name>
         <load_address>0x675</load_address>
         <run_address>0x675</run_address>
         <size>0x37</size>
         <input_file_ref idref="fl-130"/>
      </object_component>
      <object_component id="oc-68">
         <name>.debug_pubnames</name>
         <load_address>0x6ac</load_address>
         <run_address>0x6ac</run_address>
         <size>0x27</size>
         <input_file_ref idref="fl-131"/>
      </object_component>
      <object_component id="oc-7f">
         <name>.debug_pubnames</name>
         <load_address>0x6d3</load_address>
         <run_address>0x6d3</run_address>
         <size>0x23</size>
         <input_file_ref idref="fl-132"/>
      </object_component>
      <object_component id="oc-b3">
         <name>.debug_pubnames</name>
         <load_address>0x6f6</load_address>
         <run_address>0x6f6</run_address>
         <size>0x28</size>
         <input_file_ref idref="fl-133"/>
      </object_component>
      <object_component id="oc-e0">
         <name>.debug_pubnames</name>
         <load_address>0x71e</load_address>
         <run_address>0x71e</run_address>
         <size>0x43</size>
         <input_file_ref idref="fl-133"/>
      </object_component>
      <object_component id="oc-74">
         <name>.debug_pubnames</name>
         <load_address>0x761</load_address>
         <run_address>0x761</run_address>
         <size>0x21</size>
         <input_file_ref idref="fl-134"/>
      </object_component>
      <object_component id="oc-6e">
         <name>.debug_pubnames</name>
         <load_address>0x782</load_address>
         <run_address>0x782</run_address>
         <size>0x25</size>
         <input_file_ref idref="fl-135"/>
      </object_component>
      <object_component id="oc-aa">
         <name>.debug_pubnames</name>
         <load_address>0x7a7</load_address>
         <run_address>0x7a7</run_address>
         <size>0x1e</size>
         <input_file_ref idref="fl-136"/>
      </object_component>
      <object_component id="oc-c4">
         <name>.debug_pubtypes</name>
         <load_address>0x0</load_address>
         <run_address>0x0</run_address>
         <size>0xdd</size>
         <input_file_ref idref="fl-2"/>
      </object_component>
      <object_component id="oc-bf">
         <name>.debug_pubtypes</name>
         <load_address>0xdd</load_address>
         <run_address>0xdd</run_address>
         <size>0x2c8</size>
         <input_file_ref idref="fl-2"/>
      </object_component>
      <object_component id="oc-8c">
         <name>.debug_pubtypes</name>
         <load_address>0x3a5</load_address>
         <run_address>0x3a5</run_address>
         <size>0xed</size>
         <input_file_ref idref="fl-2"/>
      </object_component>
      <object_component id="oc-87">
         <name>.debug_pubtypes</name>
         <load_address>0x492</load_address>
         <run_address>0x492</run_address>
         <size>0x1c6</size>
         <input_file_ref idref="fl-2"/>
      </object_component>
      <object_component id="oc-47">
         <name>.debug_pubtypes</name>
         <load_address>0x658</load_address>
         <run_address>0x658</run_address>
         <size>0x48</size>
         <input_file_ref idref="fl-12b"/>
      </object_component>
      <object_component id="oc-95">
         <name>.debug_pubtypes</name>
         <load_address>0x6a0</load_address>
         <run_address>0x6a0</run_address>
         <size>0x1d</size>
         <input_file_ref idref="fl-12b"/>
      </object_component>
      <object_component id="oc-55">
         <name>.debug_pubtypes</name>
         <load_address>0x6bd</load_address>
         <run_address>0x6bd</run_address>
         <size>0x37</size>
         <input_file_ref idref="fl-12c"/>
      </object_component>
      <object_component id="oc-9f">
         <name>.debug_pubtypes</name>
         <load_address>0x6f4</load_address>
         <run_address>0x6f4</run_address>
         <size>0x1d</size>
         <input_file_ref idref="fl-12c"/>
      </object_component>
      <object_component id="oc-60">
         <name>.debug_pubtypes</name>
         <load_address>0x711</load_address>
         <run_address>0x711</run_address>
         <size>0x48</size>
         <input_file_ref idref="fl-12d"/>
      </object_component>
      <object_component id="oc-b9">
         <name>.debug_pubtypes</name>
         <load_address>0x759</load_address>
         <run_address>0x759</run_address>
         <size>0x1f</size>
         <input_file_ref idref="fl-12e"/>
      </object_component>
      <object_component id="oc-e6">
         <name>.debug_pubtypes</name>
         <load_address>0x778</load_address>
         <run_address>0x778</run_address>
         <size>0x1f</size>
         <input_file_ref idref="fl-133"/>
      </object_component>
      <object_component id="oc-d9">
         <name>.debug_pubtypes</name>
         <load_address>0x797</load_address>
         <run_address>0x797</run_address>
         <size>0x1b</size>
         <input_file_ref idref="fl-134"/>
      </object_component>
      <object_component id="oc-cd">
         <name>.debug_pubtypes</name>
         <load_address>0x7b2</load_address>
         <run_address>0x7b2</run_address>
         <size>0x32</size>
         <input_file_ref idref="fl-135"/>
      </object_component>
      <object_component id="oc-d2">
         <name>.debug_pubtypes</name>
         <load_address>0x7e4</load_address>
         <run_address>0x7e4</run_address>
         <size>0x50</size>
         <input_file_ref idref="fl-135"/>
      </object_component>
      <object_component id="oc-ee">
         <name>.debug_pubtypes</name>
         <load_address>0x834</load_address>
         <run_address>0x834</run_address>
         <size>0x23</size>
         <input_file_ref idref="fl-136"/>
      </object_component>
   </object_component_list>
   <logical_group_list>
      <logical_group id="lg-4" display="no" color="cyan">
         <name>.intvecs</name>
         <load_address>0x0</load_address>
         <run_address>0x0</run_address>
         <size>0x144</size>
         <contents>
            <object_component_ref idref="oc-10"/>
         </contents>
      </logical_group>
      <logical_group id="lg-5" display="no" color="cyan">
         <name>.text</name>
         <load_address>0x144</load_address>
         <run_address>0x144</run_address>
         <size>0x5c4</size>
         <contents>
            <object_component_ref idref="oc-37"/>
            <object_component_ref idref="oc-31"/>
            <object_component_ref idref="oc-40"/>
            <object_component_ref idref="oc-2b"/>
            <object_component_ref idref="oc-59"/>
            <object_component_ref idref="oc-6b"/>
            <object_component_ref idref="oc-4c"/>
            <object_component_ref idref="oc-25"/>
            <object_component_ref idref="oc-a7"/>
            <object_component_ref idref="oc-77"/>
            <object_component_ref idref="oc-71"/>
            <object_component_ref idref="oc-dd"/>
            <object_component_ref idref="oc-13"/>
            <object_component_ref idref="oc-1f"/>
            <object_component_ref idref="oc-19"/>
            <object_component_ref idref="oc-65"/>
         </contents>
      </logical_group>
      <logical_group id="lg-6" display="no" color="cyan">
         <name>.const</name>
         <run_address>0x0</run_address>
         <size>0x0</size>
         <contents>
         </contents>
      </logical_group>
      <logical_group id="lg-7" display="no" color="cyan">
         <name>.cinit</name>
         <load_address>0x708</load_address>
         <run_address>0x708</run_address>
         <size>0x38</size>
         <contents>
            <object_component_ref idref="oc-118"/>
            <object_component_ref idref="oc-116"/>
            <object_component_ref idref="oc-119"/>
            <object_component_ref idref="oc-117"/>
         </contents>
      </logical_group>
      <logical_group id="lg-8" display="no" color="cyan">
         <name>.pinit</name>
         <run_address>0x0</run_address>
         <size>0x0</size>
         <contents>
         </contents>
      </logical_group>
      <logical_group id="lg-9" display="no" color="cyan">
         <name>.flashMailbox</name>
         <run_address>0x0</run_address>
         <size>0x0</size>
         <contents>
         </contents>
      </logical_group>
      <logical_group id="lg-a" display="no" color="cyan">
         <name>.vtable</name>
         <run_address>0x0</run_address>
         <size>0x0</size>
         <contents>
         </contents>
      </logical_group>
      <logical_group id="lg-d" display="no" color="cyan">
         <name>.sysmem</name>
         <run_address>0x0</run_address>
         <size>0x0</size>
         <contents>
         </contents>
      </logical_group>
      <logical_group id="lg-e" display="no" color="cyan">
         <name>.stack</name>
         <run_address>0x2000fe00</run_address>
         <size>0x200</size>
         <contents>
            <object_component_ref idref="oc-2a"/>
            <object_component_ref idref="oc-11a"/>
         </contents>
      </logical_group>
      <logical_group id="lg-f6" display="no" color="cyan">
         <name>.TI.noinit</name>
         <run_address>0x20000014</run_address>
         <size>0x0</size>
         <contents>
         </contents>
      </logical_group>
      <logical_group id="lg-c" display="no" color="cyan">
         <name>.bss</name>
         <run_address>0x20000014</run_address>
         <size>0x4</size>
         <contents>
            <object_component_ref idref="oc-82"/>
         </contents>
      </logical_group>
      <logical_group id="lg-f5" display="no" color="cyan">
         <name>BSS_GROUP</name>
         <run_address>0x20000014</run_address>
         <size>0x4</size>
         <contents>
            <logical_group_ref idref="lg-f6"/>
            <logical_group_ref idref="lg-c"/>
         </contents>
      </logical_group>
      <logical_group id="lg-f8" display="no" color="cyan">
         <name>.TI.persistent</name>
         <run_address>0x20000000</run_address>
         <size>0x0</size>
         <contents>
         </contents>
      </logical_group>
      <logical_group id="lg-b" display="no" color="cyan">
         <name>.data</name>
         <run_address>0x20000000</run_address>
         <size>0x14</size>
         <contents>
            <object_component_ref idref="oc-b4"/>
            <object_component_ref idref="oc-7d"/>
            <object_component_ref idref="oc-b1"/>
         </contents>
      </logical_group>
      <logical_group id="lg-f7" display="no" color="cyan">
         <name>DATA_GROUP</name>
         <load_address>0x20000000</load_address>
         <run_address>0x20000000</run_address>
         <size>0x14</size>
         <contents>
            <logical_group_ref idref="lg-f8"/>
            <logical_group_ref idref="lg-b"/>
         </contents>
      </logical_group>
      <logical_group id="lg-106" display="never" color="cyan">
         <name>.debug_info</name>
         <load_address>0x0</load_address>
         <run_address>0x0</run_address>
         <size>0x935d</size>
         <contents>
            <object_component_ref idref="oc-83"/>
            <object_component_ref idref="oc-32"/>
            <object_component_ref idref="oc-c3"/>
            <object_component_ref idref="oc-be"/>
            <object_component_ref idref="oc-8b"/>
            <object_component_ref idref="oc-86"/>
            <object_component_ref idref="oc-38"/>
            <object_component_ref idref="oc-3f"/>
            <object_component_ref idref="oc-11"/>
            <object_component_ref idref="oc-2c"/>
            <object_component_ref idref="oc-27"/>
            <object_component_ref idref="oc-4b"/>
            <object_component_ref idref="oc-16"/>
            <object_component_ref idref="oc-46"/>
            <object_component_ref idref="oc-94"/>
            <object_component_ref idref="oc-53"/>
            <object_component_ref idref="oc-4d"/>
            <object_component_ref idref="oc-1a"/>
            <object_component_ref idref="oc-54"/>
            <object_component_ref idref="oc-9e"/>
            <object_component_ref idref="oc-64"/>
            <object_component_ref idref="oc-20"/>
            <object_component_ref idref="oc-5f"/>
            <object_component_ref idref="oc-b8"/>
            <object_component_ref idref="oc-b5"/>
            <object_component_ref idref="oc-79"/>
            <object_component_ref idref="oc-41"/>
            <object_component_ref idref="oc-5a"/>
            <object_component_ref idref="oc-66"/>
            <object_component_ref idref="oc-7e"/>
            <object_component_ref idref="oc-e5"/>
            <object_component_ref idref="oc-b2"/>
            <object_component_ref idref="oc-de"/>
            <object_component_ref idref="oc-b0"/>
            <object_component_ref idref="oc-72"/>
            <object_component_ref idref="oc-d8"/>
            <object_component_ref idref="oc-ae"/>
            <object_component_ref idref="oc-6c"/>
            <object_component_ref idref="oc-cc"/>
            <object_component_ref idref="oc-d1"/>
            <object_component_ref idref="oc-c9"/>
            <object_component_ref idref="oc-a8"/>
            <object_component_ref idref="oc-ed"/>
            <object_component_ref idref="oc-11b"/>
         </contents>
      </logical_group>
      <logical_group id="lg-108" display="never" color="cyan">
         <name>.debug_line</name>
         <load_address>0x0</load_address>
         <run_address>0x0</run_address>
         <size>0x1540</size>
         <contents>
            <object_component_ref idref="oc-bd"/>
            <object_component_ref idref="oc-35"/>
            <object_component_ref idref="oc-c6"/>
            <object_component_ref idref="oc-c1"/>
            <object_component_ref idref="oc-8e"/>
            <object_component_ref idref="oc-89"/>
            <object_component_ref idref="oc-3b"/>
            <object_component_ref idref="oc-92"/>
            <object_component_ref idref="oc-3e"/>
            <object_component_ref idref="oc-2f"/>
            <object_component_ref idref="oc-29"/>
            <object_component_ref idref="oc-9a"/>
            <object_component_ref idref="oc-18"/>
            <object_component_ref idref="oc-49"/>
            <object_component_ref idref="oc-97"/>
            <object_component_ref idref="oc-9d"/>
            <object_component_ref idref="oc-50"/>
            <object_component_ref idref="oc-1d"/>
            <object_component_ref idref="oc-57"/>
            <object_component_ref idref="oc-a1"/>
            <object_component_ref idref="oc-a5"/>
            <object_component_ref idref="oc-23"/>
            <object_component_ref idref="oc-62"/>
            <object_component_ref idref="oc-ea"/>
            <object_component_ref idref="oc-e8"/>
            <object_component_ref idref="oc-78"/>
            <object_component_ref idref="oc-44"/>
            <object_component_ref idref="oc-5d"/>
            <object_component_ref idref="oc-69"/>
            <object_component_ref idref="oc-bb"/>
            <object_component_ref idref="oc-f4"/>
            <object_component_ref idref="oc-e4"/>
            <object_component_ref idref="oc-e1"/>
            <object_component_ref idref="oc-d7"/>
            <object_component_ref idref="oc-75"/>
            <object_component_ref idref="oc-db"/>
            <object_component_ref idref="oc-cb"/>
            <object_component_ref idref="oc-6f"/>
            <object_component_ref idref="oc-cf"/>
            <object_component_ref idref="oc-d4"/>
            <object_component_ref idref="oc-ec"/>
            <object_component_ref idref="oc-ab"/>
            <object_component_ref idref="oc-f0"/>
         </contents>
      </logical_group>
      <logical_group id="lg-10a" display="never" color="cyan">
         <name>.debug_frame</name>
         <load_address>0x0</load_address>
         <run_address>0x0</run_address>
         <size>0xaac</size>
         <contents>
            <object_component_ref idref="oc-36"/>
            <object_component_ref idref="oc-3c"/>
            <object_component_ref idref="oc-30"/>
            <object_component_ref idref="oc-15"/>
            <object_component_ref idref="oc-51"/>
            <object_component_ref idref="oc-1e"/>
            <object_component_ref idref="oc-24"/>
            <object_component_ref idref="oc-7c"/>
            <object_component_ref idref="oc-6a"/>
            <object_component_ref idref="oc-e2"/>
            <object_component_ref idref="oc-76"/>
            <object_component_ref idref="oc-70"/>
            <object_component_ref idref="oc-ac"/>
         </contents>
      </logical_group>
      <logical_group id="lg-10c" display="never" color="cyan">
         <name>.debug_abbrev</name>
         <load_address>0x0</load_address>
         <run_address>0x0</run_address>
         <size>0xfe2</size>
         <contents>
            <object_component_ref idref="oc-bc"/>
            <object_component_ref idref="oc-85"/>
            <object_component_ref idref="oc-c5"/>
            <object_component_ref idref="oc-c0"/>
            <object_component_ref idref="oc-8d"/>
            <object_component_ref idref="oc-88"/>
            <object_component_ref idref="oc-90"/>
            <object_component_ref idref="oc-91"/>
            <object_component_ref idref="oc-3d"/>
            <object_component_ref idref="oc-81"/>
            <object_component_ref idref="oc-80"/>
            <object_component_ref idref="oc-99"/>
            <object_component_ref idref="oc-45"/>
            <object_component_ref idref="oc-48"/>
            <object_component_ref idref="oc-96"/>
            <object_component_ref idref="oc-9c"/>
            <object_component_ref idref="oc-9b"/>
            <object_component_ref idref="oc-52"/>
            <object_component_ref idref="oc-56"/>
            <object_component_ref idref="oc-a0"/>
            <object_component_ref idref="oc-a4"/>
            <object_component_ref idref="oc-5e"/>
            <object_component_ref idref="oc-61"/>
            <object_component_ref idref="oc-e9"/>
            <object_component_ref idref="oc-e7"/>
            <object_component_ref idref="oc-b7"/>
            <object_component_ref idref="oc-93"/>
            <object_component_ref idref="oc-a3"/>
            <object_component_ref idref="oc-a6"/>
            <object_component_ref idref="oc-ba"/>
            <object_component_ref idref="oc-f3"/>
            <object_component_ref idref="oc-e3"/>
            <object_component_ref idref="oc-f2"/>
            <object_component_ref idref="oc-d6"/>
            <object_component_ref idref="oc-af"/>
            <object_component_ref idref="oc-da"/>
            <object_component_ref idref="oc-ca"/>
            <object_component_ref idref="oc-ad"/>
            <object_component_ref idref="oc-ce"/>
            <object_component_ref idref="oc-d3"/>
            <object_component_ref idref="oc-eb"/>
            <object_component_ref idref="oc-c8"/>
            <object_component_ref idref="oc-ef"/>
            <object_component_ref idref="oc-11c"/>
         </contents>
      </logical_group>
      <logical_group id="lg-10e" display="never" color="cyan">
         <name>.debug_str</name>
         <load_address>0x0</load_address>
         <run_address>0x0</run_address>
         <size>0x293c</size>
         <contents>
            <object_component_ref idref="oc-c7"/>
            <object_component_ref idref="oc-c2"/>
            <object_component_ref idref="oc-8f"/>
            <object_component_ref idref="oc-8a"/>
            <object_component_ref idref="oc-4a"/>
            <object_component_ref idref="oc-98"/>
            <object_component_ref idref="oc-58"/>
            <object_component_ref idref="oc-a2"/>
            <object_component_ref idref="oc-63"/>
            <object_component_ref idref="oc-dc"/>
            <object_component_ref idref="oc-d0"/>
            <object_component_ref idref="oc-d5"/>
            <object_component_ref idref="oc-f1"/>
         </contents>
      </logical_group>
      <logical_group id="lg-110" display="never" color="cyan">
         <name>.debug_aranges</name>
         <load_address>0x0</load_address>
         <run_address>0x0</run_address>
         <size>0x3e0</size>
         <contents>
[...]
            <logical_group_ref idref="lg-c"/>
         </contents>
      </load_segment>
      <load_segment id="lg-122" display="no" color="cyan">
         <name>SEGMENT_2</name>
         <run_address>0x2000fe00</run_address>
         <size>0x200</size>
         <flags>0x6</flags>
         <contents>
            <logical_group_ref idref="lg-e"/>
         </contents>
      </load_segment>
   </logical_group_list>
   <placement_map>
      <memory_area display="yes" color="green">
         <name>MAIN</name>
         <page_id>0x0</page_id>
         <origin>0x0</origin>
         <length>0x40000</length>
         <used_space>0x740</used_space>
         <unused_space>0x3f8c0</unused_space>
         <attributes>RX</attributes>
         <usage_details>
            <allocated_space>
               <start_address>0x0</start_address>
               <size>0x144</size>
               <logical_group_ref idref="lg-4"/>
            </allocated_space>
            <allocated_space>
               <start_address>0x144</start_address>
               <size>0x5c4</size>
               <logical_group_ref idref="lg-5"/>
            </allocated_space>
            <allocated_space>
               <start_address>0x708</start_address>
               <size>0x38</size>
               <logical_group_ref idref="lg-7"/>
            </allocated_space>
            <available_space>
               <start_address>0x740</start_address>
               <size>0x3f8c0</size>
            </available_space>
         </usage_details>
      </memory_area>
      <memory_area display="yes" color="green">
         <name>INFO</name>
         <page_id>0x0</page_id>
         <origin>0x200000</origin>
         <length>0x4000</length>
         <used_space>0x0</used_space>
         <unused_space>0x4000</unused_space>
         <attributes>RX</attributes>
         <usage_details>
         </usage_details>
      </memory_area>
      <memory_area display="yes" color="green">
         <name>SRAM_CODE</name>
         <page_id>0x0</page_id>
         <origin>0x1000000</origin>
         <length>0x10000</length>
         <used_space>0x0</used_space>
         <unused_space>0x10000</unused_space>
         <attributes>RWX</attributes>
         <usage_details>
         </usage_details>
      </memory_area>
      <memory_area display="yes" color="green">
         <name>SRAM_DATA</name>
         <page_id>0x0</page_id>
         <origin>0x20000000</origin>
         <length>0x10000</length>
         <used_space>0x218</used_space>
         <unused_space>0xfde8</unused_space>
         <attributes>RW</attributes>
         <usage_details>
            <allocated_space>
               <start_address>0x20000000</start_address>
               <size>0x14</size>
               <logical_group_ref idref="lg-f7"/>
            </allocated_space>
            <allocated_space>
               <start_address>0x20000014</start_address>
               <size>0x4</size>
               <logical_group_ref idref="lg-f5"/>
            </allocated_space>
            <available_space>
               <start_address>0x20000018</start_address>
               <size>0xfde8</size>
            </available_space>
            <allocated_space>
               <start_address>0x2000fe00</start_address>
               <size>0x200</size>
               <logical_group_ref idref="lg-e"/>
            </allocated_space>
         </usage_details>
      </memory_area>
   </placement_map>
   <cptbl_list>
      <cptbl>
         <name>__TI_cinit_table</name>
         <cprec>
            <name>.data</name>
            <load_address>0x708</load_address>
            <load_size>0xf</load_size>
            <run_address>0x20000000</run_address>
            <run_size>0x14</run_size>
            <compression>rle</compression>
         </cprec>
         <cprec>
            <name>.bss</name>
            <load_address>0x728</load_address>
            <load_size>0x8</load_size>
            <run_address>0x20000014</run_address>
            <run_size>0x4</run_size>
            <compression>zero_init</compression>
         </cprec>
      </cptbl>
   </cptbl_list>
   <handler_table>
      <handler_table_name>__TI_handler_table</handler_table_name>
      <handler>
         <index>0x0</index>
         <name>__TI_decompress_rle24</name>
      </handler>
      <handler>
         <index>0x1</index>
         <name>__TI_decompress_none</name>
      </handler>
      <handler>
         <index>0x2</index>
         <name>__TI_zero_init</name>
      </handler>
   </handler_table>
   <symbol_table>
      <symbol id="sm-1">
         <name>WDTCTL_SYM</name>
         <value>0x4000480c</value>
      </symbol>
      <symbol id="sm-2">
         <name>__TI_CINIT_Base</name>
         <value>0x730</value>
      </symbol>
      <symbol id="sm-3">
         <name>__TI_CINIT_Limit</name>
         <value>0x740</value>
      </symbol>
      <symbol id="sm-4">
         <name>__TI_Handler_Table_Base</name>
         <value>0x718</value>
      </symbol>
      <symbol id="sm-5">
         <name>__TI_Handler_Table_Limit</name>
         <value>0x724</value>
      </symbol>
      <symbol id="sm-6">
         <name>binit</name>
         <value>0xffffffff</value>
      </symbol>
      <symbol id="sm-7">
         <name>__binit__</name>
         <value>0xffffffff</value>
      </symbol>
      <symbol id="sm-8">
         <name>__STACK_SIZE</name>
         <value>0x200</value>
      </symbol>
      <symbol id="sm-9">
         <name>__STACK_END</name>
         <value>0x20010000</value>
      </symbol>
      <symbol id="sm-a">
         <name>__c_args__</name>
         <value>0xffffffff</value>
      </symbol>
      <symbol id="sm-4c">
         <name>Counts</name>
         <value>0x20000014</value>
      </symbol>
      <symbol id="sm-4d">
         <name>SysTick_Handler</name>
         <value>0x301</value>
         <object_component_ref idref="oc-31"/>
      </symbol>
      <symbol id="sm-4e">
         <name>SysTick_Init</name>
         <value>0x2a1</value>
         <object_component_ref idref="oc-31"/>
      </symbol>
      <symbol id="sm-71">
         <name>PORT1_IRQHandler</name>
         <value>0x145</value>
         <object_component_ref idref="oc-37"/>
      </symbol>
      <symbol id="sm-72">
         <name>main</name>
         <value>0x183</value>
         <object_component_ref idref="oc-37"/>
      </symbol>
      <symbol id="sm-f2">
         <name>T32_INT2_IRQHandler</name>
         <value>0x445</value>
         <object_component_ref idref="oc-2b"/>
      </symbol>
      <symbol id="sm-f3">
         <name>PendSV_Handler</name>
         <value>0x40d</value>
         <object_component_ref idref="oc-2b"/>
      </symbol>
      <symbol id="sm-f4">
         <name>EUSCIA3_IRQHandler</name>
         <value>0x437</value>
         <object_component_ref idref="oc-2b"/>
      </symbol>
      <symbol id="sm-f5">
         <name>SVC_Handler</name>
         <value>0x409</value>
         <object_component_ref idref="oc-2b"/>
      </symbol>
      <symbol id="sm-f6">
         <name>EUSCIB1_IRQHandler</name>
         <value>0x43b</value>
         <object_component_ref idref="oc-2b"/>
      </symbol>
      <symbol id="sm-f7">
         <name>PORT4_IRQHandler</name>
         <value>0x45d</value>
         <object_component_ref idref="oc-2b"/>
      </symbol>
      <symbol id="sm-f8">
         <name>AES256_IRQHandler</name>
         <value>0x449</value>
         <object_component_ref idref="oc-2b"/>
      </symbol>
      <symbol id="sm-f9">
         <name>FPU_IRQHandler</name>
         <value>0x419</value>
         <object_component_ref idref="oc-2b"/>
      </symbol>
      <symbol id="sm-fa">
         <name>EUSCIB2_IRQHandler</name>
         <value>0x43d</value>
         <object_component_ref idref="oc-2b"/>
      </symbol>
      <symbol id="sm-fb">
         <name>RTC_C_IRQHandler</name>
         <value>0x44b</value>
         <object_component_ref idref="oc-2b"/>
      </symbol>
      <symbol id="sm-fc">
         <name>TA2_0_IRQHandler</name>
         <value>0x429</value>
         <object_component_ref idref="oc-2b"/>
      </symbol>
      <symbol id="sm-fd">
         <name>TA3_N_IRQHandler</name>
         <value>0x42f</value>
         <object_component_ref idref="oc-2b"/>
      </symbol>
      <symbol id="sm-fe">
         <name>DMA_INT3_IRQHandler</name>
         <value>0x44f</value>
         <object_component_ref idref="oc-2b"/>
      </symbol>
      <symbol id="sm-ff">
         <name>PORT2_IRQHandler</name>
         <value>0x459</value>
         <object_component_ref idref="oc-2b"/>
      </symbol>
      <symbol id="sm-100">
         <name>StartCritical</name>
         <value>0x46f</value>
         <object_component_ref idref="oc-2b"/>
      </symbol>
      <symbol id="sm-101">
         <name>TA0_0_IRQHandler</name>
         <value>0x421</value>
         <object_component_ref idref="oc-2b"/>
      </symbol>
      <symbol id="sm-102">
         <name>PSS_IRQHandler</name>
         <value>0x411</value>
         <object_component_ref idref="oc-2b"/>
      </symbol>
      <symbol id="sm-103">
         <name>TA1_N_IRQHandler</name>
         <value>0x427</value>
         <object_component_ref idref="oc-2b"/>
      </symbol>
      <symbol id="sm-104">
         <name>EUSCIA1_IRQHandler</name>
         <value>0x433</value>
         <object_component_ref idref="oc-2b"/>
      </symbol>
      <symbol id="sm-105">
         <name>EUSCIA2_IRQHandler</name>
         <value>0x435</value>
         <object_component_ref idref="oc-2b"/>
      </symbol>
      <symbol id="sm-106">
         <name>COMP_E0_IRQHandler</name>
         <value>0x41d</value>
         <object_component_ref idref="oc-2b"/>
      </symbol>
      <symbol id="sm-107">
         <name>WDT_A_IRQHandler</name>
         <value>0x417</value>
         <object_component_ref idref="oc-2b"/>
      </symbol>
      <symbol id="sm-108">
         <name>EUSCIB0_IRQHandler</name>
         <value>0x439</value>
         <object_component_ref idref="oc-2b"/>
      </symbol>
      <symbol id="sm-109">
         <name>FLCTL_IRQHandler</name>
         <value>0x41b</value>
         <object_component_ref idref="oc-2b"/>
      </symbol>
      <symbol id="sm-10a">
         <name>EndCritical</name>
         <value>0x479</value>
         <object_component_ref idref="oc-2b"/>
      </symbol>
      <symbol id="sm-10b">
         <name>DMA_INT1_IRQHandler</name>
         <value>0x453</value>
         <object_component_ref idref="oc-2b"/>
      </symbol>
      <symbol id="sm-10c">
         <name>PCM_IRQHandler</name>
         <value>0x415</value>
         <object_component_ref idref="oc-2b"/>
      </symbol>
      <symbol id="sm-10d">
         <name>ADC14_IRQHandler</name>
         <value>0x441</value>
         <object_component_ref idref="oc-2b"/>
      </symbol>
      <symbol id="sm-10e">
         <name>T32_INTC_IRQHandler</name>
         <value>0x447</value>
         <object_component_ref idref="oc-2b"/>
      </symbol>
      <symbol id="sm-10f">
         <name>DMA_INT2_IRQHandler</name>
         <value>0x451</value>
         <object_component_ref idref="oc-2b"/>
      </symbol>
      <symbol id="sm-110">
         <name>TA3_0_IRQHandler</name>
         <value>0x42d</value>
         <object_component_ref idref="oc-2b"/>
      </symbol>
      <symbol id="sm-111">
         <name>EUSCIA0_IRQHandler</name>
         <value>0x431</value>
         <object_component_ref idref="oc-2b"/>
      </symbol>
      <symbol id="sm-112">
         <name>DMA_ERR_IRQHandler</name>
         <value>0x44d</value>
         <object_component_ref idref="oc-2b"/>
      </symbol>
      <symbol id="sm-113">
         <name>DisableInterrupts</name>
         <value>0x463</value>
         <object_component_ref idref="oc-2b"/>
      </symbol>
      <symbol id="sm-114">
         <name>PORT5_IRQHandler</name>
         <value>0x45f</value>
         <object_component_ref idref="oc-2b"/>
      </symbol>
      <symbol id="sm-115">
         <name>TA1_0_IRQHandler</name>
         <value>0x425</value>
         <object_component_ref idref="oc-2b"/>
      </symbol>
      <symbol id="sm-116">
         <name>TA2_N_IRQHandler</name>
         <value>0x42b</value>
         <object_component_ref idref="oc-2b"/>
      </symbol>
      <symbol id="sm-117">
         <name>COMP_E1_IRQHandler</name>
         <value>0x41f</value>
         <object_component_ref idref="oc-2b"/>
      </symbol>
      <symbol id="sm-118">
         <name>EUSCIB3_IRQHandler</name>
         <value>0x43f</value>
         <object_component_ref idref="oc-2b"/>
      </symbol>
      <symbol id="sm-119">
         <name>WaitForInterrupt</name>
         <value>0x481</value>
         <object_component_ref idref="oc-2b"/>
      </symbol>
      <symbol id="sm-11a">
         <name>interruptVectors</name>
         <value>0x0</value>
         <object_component_ref idref="oc-10"/>
      </symbol>
      <symbol id="sm-11b">
         <name>EnableInterrupts</name>
         <value>0x469</value>
         <object_component_ref idref="oc-2b"/>
      </symbol>
      <symbol id="sm-11c">
         <name>PORT6_IRQHandler</name>
         <value>0x461</value>
         <object_component_ref idref="oc-2b"/>
      </symbol>
      <symbol id="sm-11d">
         <name>TA0_N_IRQHandler</name>
         <value>0x423</value>
         <object_component_ref idref="oc-2b"/>
      </symbol>
      <symbol id="sm-11e">
         <name>T32_INT1_IRQHandler</name>
         <value>0x443</value>
         <object_component_ref idref="oc-2b"/>
      </symbol>
      <symbol id="sm-11f">
         <name>DebugMon_Handler</name>
         <value>0x40b</value>
         <object_component_ref idref="oc-2b"/>
      </symbol>
      <symbol id="sm-120">
         <name>DMA_INT0_IRQHandler</name>
         <value>0x455</value>
         <object_component_ref idref="oc-2b"/>
      </symbol>
      <symbol id="sm-121">
         <name>PORT3_IRQHandler</name>
         <value>0x45b</value>
         <object_component_ref idref="oc-2b"/>
      </symbol>
      <symbol id="sm-122">
         <name>CS_IRQHandler</name>
         <value>0x413</value>
         <object_component_ref idref="oc-2b"/>
      </symbol>
      <symbol id="sm-134">
         <name>_c_int00</name>
         <value>0x5d9</value>
         <object_component_ref idref="oc-25"/>
      </symbol>
      <symbol id="sm-135">
         <name>__stack</name>
         <value>0x2000fe00</value>
         <object_component_ref idref="oc-2a"/>
      </symbol>
      <symbol id="sm-14c">
         <name>__TI_decompress_none</name>
         <value>0x6e5</value>
         <object_component_ref idref="oc-13"/>
      </symbol>
      <symbol id="sm-174">
         <name>__TI_decompress_rle24</name>
         <value>0x6ff</value>
         <object_component_ref idref="oc-19"/>
      </symbol>
      <symbol id="sm-186">
         <name>__TI_zero_init</name>
         <value>0x6f3</value>
         <object_component_ref idref="oc-1f"/>
      </symbol>
      <symbol id="sm-1a5">
         <name>C$$EXIT</name>
         <value>0x675</value>
         <object_component_ref idref="oc-77"/>
      </symbol>
      <symbol id="sm-1a6">
         <name>abort</name>
         <value>0x679</value>
         <object_component_ref idref="oc-77"/>
      </symbol>
      <symbol id="sm-1a7">
         <name>exit</name>
         <value>0x681</value>
         <object_component_ref idref="oc-77"/>
      </symbol>
      <symbol id="sm-1a8">
         <name>__TI_dtors_ptr</name>
         <value>0x2000000c</value>
         <object_component_ref idref="oc-b4"/>
      </symbol>
      <symbol id="sm-1a9">
         <name>__TI_cleanup_ptr</name>
         <value>0x20000008</value>
         <object_component_ref idref="oc-b4"/>
      </symbol>
      <symbol id="sm-1c4">
         <name>memcpy</name>
         <value>0x351</value>
         <object_component_ref idref="oc-40"/>
      </symbol>
      <symbol id="sm-1c5">
         <name>__aeabi_memcpy</name>
         <value>0x351</value>
         <object_component_ref idref="oc-40"/>
      </symbol>
      <symbol id="sm-1c6">
         <name>__aeabi_memcpy8</name>
         <value>0x351</value>
         <object_component_ref idref="oc-40"/>
      </symbol>
      <symbol id="sm-1c7">
         <name>__aeabi_memcpy4</name>
         <value>0x351</value>
         <object_component_ref idref="oc-40"/>
      </symbol>
      <symbol id="sm-1d6">
         <name>__aeabi_memset</name>
         <value>0x489</value>
         <object_component_ref idref="oc-59"/>
      </symbol>
      <symbol id="sm-1d7">
         <name>memset</name>
         <value>0x48f</value>
         <object_component_ref idref="oc-59"/>
      </symbol>
      <symbol id="sm-1d8">
         <name>__aeabi_memset8</name>
         <value>0x489</value>
         <object_component_ref idref="oc-59"/>
      </symbol>
      <symbol id="sm-1d9">
         <name>__aeabi_memset4</name>
         <value>0x489</value>
         <object_component_ref idref="oc-59"/>
      </symbol>
      <symbol id="sm-1da">
         <name>__aeabi_memclr8</name>
         <value>0x487</value>
         <object_component_ref idref="oc-59"/>
      </symbol>
      <symbol id="sm-1db">
         <name>__aeabi_memclr4</name>
         <value>0x487</value>
         <object_component_ref idref="oc-59"/>
      </symbol>
      <symbol id="sm-1dc">
         <name>__aeabi_memclr</name>
         <value>0x487</value>
         <object_component_ref idref="oc-59"/>
      </symbol>
      <symbol id="sm-1e6">
         <name>_system_pre_init</name>
         <value>0x705</value>
         <object_component_ref idref="oc-65"/>
      </symbol>
      <symbol id="sm-1ee">
         <name>main_func_sp</name>
         <value>0x20000010</value>
         <object_component_ref idref="oc-7d"/>
      </symbol>
      <symbol id="sm-207">
         <name>_nop</name>
         <value>0x6df</value>
         <object_component_ref idref="oc-dd"/>
      </symbol>
      <symbol id="sm-208">
         <name>_lock</name>
         <value>0x20000000</value>
         <object_component_ref idref="oc-b1"/>
      </symbol>
      <symbol id="sm-209">
         <name>_unlock</name>
         <value>0x20000004</value>
         <object_component_ref idref="oc-b1"/>
      </symbol>
      <symbol id="sm-20a">
         <name>_register_lock</name>
         <value>0x6d7</value>
         <object_component_ref idref="oc-dd"/>
      </symbol>
      <symbol id="sm-20b">
         <name>_register_unlock</name>
         <value>0x6d1</value>
         <object_component_ref idref="oc-dd"/>
      </symbol>
      <symbol id="sm-220">
         <name>_args_main</name>
         <value>0x6b9</value>
         <object_component_ref idref="oc-71"/>
      </symbol>
      <symbol id="sm-246">
         <name>__TI_auto_init</name>
         <value>0x501</value>
         <object_component_ref idref="oc-6b"/>
      </symbol>
      <symbol id="sm-260">
         <name>copy_in</name>
         <value>0x629</value>
         <object_component_ref idref="oc-a7"/>
      </symbol>
      <symbol id="sm-261">
         <name>__TI_static_base__</name>
         <value>0x0</value>
      </symbol>
      <symbol id="sm-264">
         <name>SHT$$INIT_ARRAY$$Limit</name>
         <value>0x0</value>
      </symbol>
      <symbol id="sm-265">
         <name>SHT$$INIT_ARRAY$$Base</name>
         <value>0x0</value>
      </symbol>
   </symbol_table>
   <title>Link successful</title>
</link_info>
