******************************************************************************
                  TI ARM Linker PC v5.2.7                      
******************************************************************************
>> Linked Thu Aug 04 15:50:53 2016

OUTPUT FILE NAME:   <PeriodicSysTickInts_MSP432.out>
ENTRY POINT SYMBOL: "_c_int00"  address: 000005d9


MEMORY CONFIGURATION

         name            origin    length      used     unused   attr    fill
----------------------  --------  ---------  --------  --------  ----  --------
  MAIN                  00000000   00040000  00000740  0003f8c0  R  X
  INFO                  00200000   00004000  00000000  00004000  R  X
  SRAM_CODE             01000000   00010000  00000000  00010000  RW X
  SRAM_DATA             20000000   00010000  00000218  0000fde8  RW  


SEGMENT ALLOCATION MAP

run origin  load origin   length   init length attrs members
----------  ----------- ---------- ----------- ----- -------
00000000    00000000    00000740   00000740    r-x
  00000000    00000000    00000144   00000144    r-- .intvecs
  00000144    00000144    000005c4   000005c4    r-x .text
  00000708    00000708    00000038   00000038    r-- .cinit
20000000    20000000    00000018   00000000    rw-
  20000000    20000000    00000014   00000000    rw- .data
  20000014    20000014    00000004   00000000    rw- .bss
2000fe00    2000fe00    00000200   00000000    rw-
  2000fe00    2000fe00    00000200   00000000    rw- .stack


SECTION ALLOCATION MAP

 output                                  attributes/
section   page    origin      length       input sections
--------  ----  ----------  ----------   ----------------
.intvecs   0    00000000    00000144     
                  00000000    00000144     msp432_startup_ccs.obj (.intvecs)

.text      0    00000144    000005c4     
                  00000144    0000015c     main.obj (.text)
                  000002a0    000000b0     SysTickInts.obj (.text)
                  00000350    0000009c     rtsv7M4_T_le_v4SPD16_eabi.lib : memcpy_t2.obj (.text)
                  000003ec    0000009a     msp432_startup_ccs.obj (.text)
                  00000486    0000007a     rtsv7M4_T_le_v4SPD16_eabi.lib : memset_t2.obj (.text)
                  00000500    0000006c                                   : autoinit.obj (.text)
                  0000056c    0000006a                                   : copy_decompress_rle.obj (.text)
                  000005d6    00000002     --HOLE-- [fill = 0]
                  000005d8    00000050                                   : boot.obj (.text)
                  00000628    0000004c                                   : cpy_tbl.obj (.text)
                  00000674    00000044                                   : exit.obj (.text)
                  000006b8    00000018                                   : args_main.obj (.text)
                  000006d0    00000014                                   : _lock.obj (.text)
                  000006e4    0000000e                                   : copy_decompress_none.obj (.text:decompress:none)
                  000006f2    0000000c                                   : copy_zero_init.obj (.text:decompress:ZI)
                  000006fe    00000006                                   : copy_decompress_rle.obj (.text:decompress:rle24)
                  00000704    00000004                                   : pre_init.obj (.text)

.cinit     0    00000708    00000038     
                  00000708    0000000f     (.cinit..data.load) [load image, compression = rle]
                  00000717    00000001     --HOLE-- [fill = 0]
                  00000718    0000000c     (__TI_handler_table)
                  00000724    00000004     --HOLE-- [fill = 0]
                  00000728    00000008     (.cinit..bss.load) [load image, compression = zero_init]
                  00000730    00000010     (__TI_cinit_table)

.data      0    20000000    00000014     UNINITIALIZED
                  20000000    00000008     rtsv7M4_T_le_v4SPD16_eabi.lib : _lock.obj (.data)
                  20000008    00000008                                   : exit.obj (.data)
                  20000010    00000004                                   : stkdepth_vars.obj (.data)

.bss       0    20000014    00000004     UNINITIALIZED
                  20000014    00000004     (.common:Counts)

.TI.persistent 
*          0    20000000    00000000     UNINITIALIZED

.TI.noinit 
*          0    20000014    00000000     UNINITIALIZED

.stack     0    2000fe00    00000200     UNINITIALIZED
                  2000fe00    00000200     --HOLE--


LINKER GENERATED COPY TABLES

__TI_cinit_table @ 00000730 records: 2, size/record: 8, table size: 16
	.data: load addr=00000708, load size=0000000f bytes, run addr=20000000, run size=00000014 bytes, compression=rle
	.bss: load addr=00000728, load size=00000008 bytes, run addr=20000014, run size=00000004 bytes, compression=zero_init


LINKER GENERATED HANDLER TABLE

__TI_handler_table @ 00000718 records: 3, size/record: 4, table size: 12
	index: 0, handler: __TI_decompress_rle24
	index: 1, handler: __TI_decompress_none
	index: 2, handler: __TI_zero_init


GLOBAL SYMBOLS: SORTED ALPHABETICALLY BY Name 

address   name                    
-------   ----                    
00000441  ADC14_IRQHandler        
00000449  AES256_IRQHandler       
00000675  C$$EXIT                 
0000041d  COMP_E0_IRQHandler      
0000041f  COMP_E1_IRQHandler      
00000413  CS_IRQHandler           
20000014  Counts                  
0000044d  DMA_ERR_IRQHandler      
00000455  DMA_INT0_IRQHandler     
00000453  DMA_INT1_IRQHandler     
00000451  DMA_INT2_IRQHandler     
0000044f  DMA_INT3_IRQHandler     
0000040b  DebugMon_Handler        
00000463  DisableInterrupts       
00000431  EUSCIA0_IRQHandler      
00000433  EUSCIA1_IRQHandler      
00000435  EUSCIA2_IRQHandler      
00000437  EUSCIA3_IRQHandler      
00000439  EUSCIB0_IRQHandler      
0000043b  EUSCIB1_IRQHandler      
0000043d  EUSCIB2_IRQHandler      
0000043f  EUSCIB3_IRQHandler      
00000469  EnableInterrupts        
00000479  EndCritical             
0000041b  FLCTL_IRQHandler        
00000419  FPU_IRQHandler          
00000415  PCM_IRQHandler          
00000145  PORT1_IRQHandler        
00000459  PORT2_IRQHandler        
0000045b  PORT3_IRQHandler        
0000045d  PORT4_IRQHandler        
0000045f  PORT5_IRQHandler        
00000461  PORT6_IRQHandler        
00000411  PSS_IRQHandler          
0000040d  PendSV_Handler          
0000044b  RTC_C_IRQHandler        
UNDEFED   SHT$$INIT_ARRAY$$Base   
UNDEFED   SHT$$INIT_ARRAY$$Limit  
00000409  SVC_Handler             
0000046f  StartCritical           
00000301  SysTick_Handler         
000002a1  SysTick_Init            
00000443  T32_INT1_IRQHandler     
00000445  T32_INT2_IRQHandler     
00000447  T32_INTC_IRQHandler     
00000421  TA0_0_IRQHandler        
00000423  TA0_N_IRQHandler        
00000425  TA1_0_IRQHandler        
00000427  TA1_N_IRQHandler        
00000429  TA2_0_IRQHandler        
0000042b  TA2_N_IRQHandler        
0000042d  TA3_0_IRQHandler        
0000042f  TA3_N_IRQHandler        
4000480c  WDTCTL_SYM              
00000417  WDT_A_IRQHandler        
00000481  WaitForInterrupt        
20010000  __STACK_END             
00000200  __STACK_SIZE            
00000730  __TI_CINIT_Base         
00000740  __TI_CINIT_Limit        
00000718  __TI_Handler_Table_Base 
00000724  __TI_Handler_Table_Limit
00000501  __TI_auto_init          
20000008  __TI_cleanup_ptr        
000006e5  __TI_decompress_none    
000006ff  __TI_decompress_rle24   
2000000c  __TI_dtors_ptr          
00000000  __TI_static_base__      
000006f3  __TI_zero_init          
00000487  __aeabi_memclr          
00000487  __aeabi_memclr4         
00000487  __aeabi_memclr8         
00000351  __aeabi_memcpy          
00000351  __aeabi_memcpy4         
00000351  __aeabi_memcpy8         
00000489  __aeabi_memset          
00000489  __aeabi_memset4         
00000489  __aeabi_memset8         
ffffffff  __binit__               
ffffffff  __c_args__              
2000fe00  __stack                 
000006b9  _args_main              
000005d9  _c_int00                
20000000  _lock                   
000006df  _nop                    
000006d7  _register_lock          
000006d1  _register_unlock        
00000705  _system_pre_init        
20000004  _unlock                 
00000679  abort                   
ffffffff  binit                   
00000629  copy_in                 
00000681  exit                    
00000000  interruptVectors        
00000183  main                    
20000010  main_func_sp            
00000351  memcpy                  
0000048f  memset                  


GLOBAL SYMBOLS: SORTED BY Symbol Address 

address   name                    
-------   ----                    
00000000  __TI_static_base__      
00000000  interruptVectors        
00000145  PORT1_IRQHandler        
00000183  main                    
00000200  __STACK_SIZE            
000002a1  SysTick_Init            
00000301  SysTick_Handler         
00000351  __aeabi_memcpy          
00000351  __aeabi_memcpy4         
00000351  __aeabi_memcpy8         
00000351  memcpy                  
00000409  SVC_Handler             
0000040b  DebugMon_Handler        
0000040d  PendSV_Handler          
00000411  PSS_IRQHandler          
00000413  CS_IRQHandler           
00000415  PCM_IRQHandler          
00000417  WDT_A_IRQHandler        
00000419  FPU_IRQHandler          
0000041b  FLCTL_IRQHandler        
0000041d  COMP_E0_IRQHandler      
0000041f  COMP_E1_IRQHandler      
00000421  TA0_0_IRQHandler        
00000423  TA0_N_IRQHandler        
00000425  TA1_0_IRQHandler        
00000427  TA1_N_IRQHandler        
00000429  TA2_0_IRQHandler        
0000042b  TA2_N_IRQHandler        
0000042d  TA3_0_IRQHandler        
0000042f  TA3_N_IRQHandler        
00000431  EUSCIA0_IRQHandler      
00000433  EUSCIA1_IRQHandler      
00000435  EUSCIA2_IRQHandler      
00000437  EUSCIA3_IRQHandler      
00000439  EUSCIB0_IRQHandler      
0000043b  EUSCIB1_IRQHandler      
0000043d  EUSCIB2_IRQHandler      
0000043f  EUSCIB3_IRQHandler      
00000441  ADC14_IRQHandler        
00000443  T32_INT1_IRQHandler     
00000445  T32_INT2_IRQHandler     
00000447  T32_INTC_IRQHandler     
00000449  AES256_IRQHandler       
0000044b  RTC_C_IRQHandler        
0000044d  DMA_ERR_IRQHandler      
0000044f  DMA_INT3_IRQHandler     
00000451  DMA_INT2_IRQHandler     
00000453  DMA_INT1_IRQHandler     
00000455  DMA_INT0_IRQHandler     
00000459  PORT2_IRQHandler        
0000045b  PORT3_IRQHandler        
0000045d  PORT4_IRQHandler        
0000045f  PORT5_IRQHandler        
00000461  PORT6_IRQHandler        
00000463  DisableInterrupts       
00000469  EnableInterrupts        
0000046f  StartCritical           
00000479  EndCritical             
00000481  WaitForInterrupt        
00000487  __aeabi_memclr          
00000487  __aeabi_memclr4         
00000487  __aeabi_memclr8         
00000489  __aeabi_memset          
00000489  __aeabi_memset4         
00000489  __aeabi_memset8         
0000048f  memset                  
00000501  __TI_auto_init          
000005d9  _c_int00                
00000629  copy_in                 
00000675  C$$EXIT                 
00000679  abort                   
00000681  exit                    
000006b9  _args_main              
000006d1  _register_unlock        
000006d7  _register_lock          
000006df  _nop                    
000006e5  __TI_decompress_none    
000006f3  __TI_zero_init          
000006ff  __TI_decompress_rle24   
00000705  _system_pre_init        
00000718  __TI_Handler_Table_Base 
00000724  __TI_Handler_Table_Limit
00000730  __TI_CINIT_Base         
00000740  __TI_CINIT_Limit        
20000000  _lock                   
20000004  _unlock                 
20000008  __TI_cleanup_ptr        
2000000c  __TI_dtors_ptr          
20000010  main_func_sp            
20000014  Counts                  
2000fe00  __stack                 
20010000  __STACK_END             
4000480c  WDTCTL_SYM              
ffffffff  __binit__               
ffffffff  __c_args__              
ffffffff  binit                   
UNDEFED   SHT$$INIT_ARRAY$$Base   
UNDEFED   SHT$$INIT_ARRAY$$Limit  

[98 symbols]
