******************************************************************************
                  TI ARM Linker PC v20.2.5                     
******************************************************************************
>> Linked Sat Dec  4 15:14:34 2021

OUTPUT FILE NAME:   <EGCP_450_Lab_6.out>
ENTRY POINT SYMBOL: "_c_int00_noargs"  address: 00000641


MEMORY CONFIGURATION

         name            origin    length      used     unused   attr    fill
----------------------  --------  ---------  --------  --------  ----  --------
  MAIN                  00000000   00040000  000006f6  0003f90a  R  X
  INFO                  00200000   00004000  00000000  00004000  R  X
  SRAM_CODE             01000000   00010000  00000000  00010000  RW X
  SRAM_DATA             20000000   00010000  00000208  0000fdf8  RW  


SEGMENT ALLOCATION MAP

run origin  load origin   length   init length attrs members
----------  ----------- ---------- ----------- ----- -------
00000000    00000000    000006f8   000006f8    r-x
  00000000    00000000    00000144   00000144    r-- .intvecs
  00000144    00000144    00000562   00000562    r-x .text
  000006a6    000006a6    00000020   00000020    r-- .const
  000006c8    000006c8    00000030   00000030    r-- .cinit
20000000    20000000    00000008   00000000    rw-
  20000000    20000000    00000006   00000000    rw- .bss
  20000006    20000006    00000002   00000000    rw- .data
2000fe00    2000fe00    00000200   00000000    rw-
  2000fe00    2000fe00    00000200   00000000    rw- .stack


SECTION ALLOCATION MAP

 output                                  attributes/
section   page    origin      length       input sections
--------  ----  ----------  ----------   ----------------
.intvecs   0    00000000    00000144     
                  00000000    00000144     msp432_startup_ccs.obj (.intvecs)

.text      0    00000144    00000562     
                  00000144    0000012c     SysTickInts.obj (.text)
                  00000270    0000010c     Piano.obj (.text)
                  0000037c    0000009c     rtsv7M4_T_le_v4SPD16_eabi.lib : memcpy_t2.asm.obj (.text)
                  00000418    0000009a     msp432_startup_ccs.obj (.text)
                  000004b2    00000068     rtsv7M4_T_le_v4SPD16_eabi.lib : copy_decompress_lzss.c.obj (.text:decompress:lzss:__TI_decompress_lzss)
                  0000051a    00000002     --HOLE-- [fill = 0]
                  0000051c    0000005c     DAC.obj (.text)
                  00000578    00000048     main.obj (.text)
                  000005c0    00000044     rtsv7M4_T_le_v4SPD16_eabi.lib : autoinit.c.obj (.text:__TI_auto_init_nobinit_nopinit:__TI_auto_init_nobinit_nopinit)
                  00000604    0000003a     Sound.obj (.text)
                  0000063e    00000002     --HOLE-- [fill = 0]
                  00000640    00000034     rtsv7M4_T_le_v4SPD16_eabi.lib : boot_cortex_m.c.obj (.text:_c_int00_noargs:_c_int00_noargs)
                  00000674    0000001c                                   : copy_zero_init.c.obj (.text:decompress:ZI:__TI_zero_init_nomemset:__TI_zero_init_nomemset)
                  00000690    0000000e                                   : copy_decompress_none.c.obj (.text:decompress:none:__TI_decompress_none)
                  0000069e    00000004                                   : pre_init.c.obj (.text:_system_pre_init)
                  000006a2    00000004                                   : exit.c.obj (.text:abort:abort)

.const     0    000006a6    00000020     
                  000006a6    00000020     SysTickInts.obj (.const:.string:wave)

.cinit     0    000006c8    00000030     
                  000006c8    0000000c     (__TI_handler_table)
                  000006d4    00000004     --HOLE-- [fill = 0]
                  000006d8    00000008     (.cinit..bss.load) [load image, compression = zero_init]
                  000006e0    00000006     (.cinit..data.load) [load image, compression = lzss]
                  000006e6    00000002     --HOLE-- [fill = 0]
                  000006e8    00000010     (__TI_cinit_table)

.bss       0    20000000    00000006     UNINITIALIZED
                  20000000    00000004     (.common:Counts)
                  20000004    00000001     (.common:check)
                  20000005    00000001     (.common:incheck)

.data      0    20000006    00000002     UNINITIALIZED
                  20000006    00000002     main.obj (.data)

.stack     0    2000fe00    00000200     UNINITIALIZED
                  2000fe00    00000004     rtsv7M4_T_le_v4SPD16_eabi.lib : boot_cortex_m.c.obj (.stack)
                  2000fe04    000001fc     --HOLE--

__llvm_prf_cnts 
*          0    20000000    00000000     UNINITIALIZED

MODULE SUMMARY

       Module                       code   ro data   rw data
       ------                       ----   -------   -------
    .\
       msp432_startup_ccs.obj       154    324       0      
       SysTickInts.obj              300    32        6      
       Piano.obj                    268    0         0      
       DAC.obj                      92     0         0      
       main.obj                     72     0         2      
       Sound.obj                    58     0         0      
    +--+----------------------------+------+---------+---------+
       Total:                       944    356       8      
                                                            
    C:\ti\ccs1040\ccs\tools\compiler\ti-cgt-arm_20.2.5.LTS\lib\rtsv7M4_T_le_v4SPD16_eabi.lib
       memcpy_t2.asm.obj            156    0         0      
       copy_decompress_lzss.c.obj   104    0         0      
       autoinit.c.obj               68     0         0      
       boot_cortex_m.c.obj          52     0         0      
       copy_zero_init.c.obj         28     0         0      
       copy_decompress_none.c.obj   14     0         0      
       exit.c.obj                   4      0         0      
       pre_init.c.obj               4      0         0      
    +--+----------------------------+------+---------+---------+
       Total:                       430    0         0      
                                                            
       Stack:                       0      0         512    
       Linker Generated:            0      42        0      
    +--+----------------------------+------+---------+---------+
       Grand Total:                 1374   398       520    


LINKER GENERATED COPY TABLES

__TI_cinit_table @ 000006e8 records: 2, size/record: 8, table size: 16
	.bss: load addr=000006d8, load size=00000008 bytes, run addr=20000000, run size=00000006 bytes, compression=zero_init
	.data: load addr=000006e0, load size=00000006 bytes, run addr=20000006, run size=00000002 bytes, compression=lzss


LINKER GENERATED HANDLER TABLE

__TI_handler_table @ 000006c8 records: 3, size/record: 4, table size: 12
	index: 0, handler: __TI_decompress_lzss
	index: 1, handler: __TI_decompress_none
	index: 2, handler: __TI_zero_init


GLOBAL SYMBOLS: SORTED ALPHABETICALLY BY Name 

address   name                          
-------   ----                          
0000046d  ADC14_IRQHandler              
00000475  AES256_IRQHandler             
000006a3  C$$EXIT                       
00000449  COMP_E0_IRQHandler            
0000044b  COMP_E1_IRQHandler            
0000043f  CS_IRQHandler                 
20000000  Counts                        
0000051d  DAC_Init                      
00000547  DAC_Out                       
00000479  DMA_ERR_IRQHandler            
00000481  DMA_INT0_IRQHandler           
0000047f  DMA_INT1_IRQHandler           
0000047d  DMA_INT2_IRQHandler           
0000047b  DMA_INT3_IRQHandler           
00000437  DebugMon_Handler              
0000048f  DisableInterrupts             
0000045d  EUSCIA0_IRQHandler            
0000045f  EUSCIA1_IRQHandler            
00000461  EUSCIA2_IRQHandler            
00000463  EUSCIA3_IRQHandler            
00000465  EUSCIB0_IRQHandler            
00000467  EUSCIB1_IRQHandler            
00000469  EUSCIB2_IRQHandler            
0000046b  EUSCIB3_IRQHandler            
00000495  EnableInterrupts              
000004a5  EndCritical                   
00000447  FLCTL_IRQHandler              
00000445  FPU_IRQHandler                
00000441  PCM_IRQHandler                
00000483  PORT1_IRQHandler              
00000485  PORT2_IRQHandler              
00000487  PORT3_IRQHandler              
00000489  PORT4_IRQHandler              
000002e3  PORT5_IRQHandler              
0000048d  PORT6_IRQHandler              
0000043d  PSS_IRQHandler                
00000439  PendSV_Handler                
00000339  Piano_In                      
00000271  Piano_Init                    
00000477  RTC_C_IRQHandler              
00000435  SVC_Handler                   
00000579  Sample_Wave                   
00000605  Sound_Init                    
0000060d  Sound_Play                    
0000049b  StartCritical                 
000001a1  SysTick_Handler               
00000145  SysTick_Init                  
0000046f  T32_INT1_IRQHandler           
00000471  T32_INT2_IRQHandler           
00000473  T32_INTC_IRQHandler           
0000044d  TA0_0_IRQHandler              
0000044f  TA0_N_IRQHandler              
00000451  TA1_0_IRQHandler              
00000453  TA1_N_IRQHandler              
00000455  TA2_0_IRQHandler              
00000457  TA2_N_IRQHandler              
00000459  TA3_0_IRQHandler              
0000045b  TA3_N_IRQHandler              
4000480c  WDTCTL_SYM                    
00000443  WDT_A_IRQHandler              
000004ad  WaitForInterrupt              
20010000  __STACK_END                   
00000200  __STACK_SIZE                  
000006e8  __TI_CINIT_Base               
000006f8  __TI_CINIT_Limit              
000006c8  __TI_Handler_Table_Base       
000006d4  __TI_Handler_Table_Limit      
000005c1  __TI_auto_init_nobinit_nopinit
000004b3  __TI_decompress_lzss          
00000691  __TI_decompress_none          
ffffffff  __TI_pprof_out_hndl           
ffffffff  __TI_prof_data_size           
ffffffff  __TI_prof_data_start          
00000000  __TI_static_base__            
00000675  __TI_zero_init_nomemset       
0000037d  __aeabi_memcpy                
0000037d  __aeabi_memcpy4               
0000037d  __aeabi_memcpy8               
ffffffff  __binit__                     
ffffffff  __c_args__                    
UNDEFED   __mpu_init                    
2000fe00  __stack                       
20000000  __start___llvm_prf_cnts       
20000000  __stop___llvm_prf_cnts        
00000641  _c_int00_noargs               
UNDEFED   _system_post_cinit            
0000069f  _system_pre_init              
000006a3  abort                         
ffffffff  binit                         
20000004  check                         
20000006  count                         
20000005  incheck                       
20000007  index                         
00000000  interruptVectors              
000005b5  main                          
0000037d  memcpy                        
000006a6  wave                          


GLOBAL SYMBOLS: SORTED BY Symbol Address 

address   name                          
-------   ----                          
00000000  __TI_static_base__            
00000000  interruptVectors              
00000145  SysTick_Init                  
000001a1  SysTick_Handler               
00000200  __STACK_SIZE                  
00000271  Piano_Init                    
000002e3  PORT5_IRQHandler              
00000339  Piano_In                      
0000037d  __aeabi_memcpy                
0000037d  __aeabi_memcpy4               
0000037d  __aeabi_memcpy8               
0000037d  memcpy                        
00000435  SVC_Handler                   
00000437  DebugMon_Handler              
00000439  PendSV_Handler                
0000043d  PSS_IRQHandler                
0000043f  CS_IRQHandler                 
00000441  PCM_IRQHandler                
00000443  WDT_A_IRQHandler              
00000445  FPU_IRQHandler                
00000447  FLCTL_IRQHandler              
00000449  COMP_E0_IRQHandler            
0000044b  COMP_E1_IRQHandler            
0000044d  TA0_0_IRQHandler              
0000044f  TA0_N_IRQHandler              
00000451  TA1_0_IRQHandler              
00000453  TA1_N_IRQHandler              
00000455  TA2_0_IRQHandler              
00000457  TA2_N_IRQHandler              
00000459  TA3_0_IRQHandler              
0000045b  TA3_N_IRQHandler              
0000045d  EUSCIA0_IRQHandler            
0000045f  EUSCIA1_IRQHandler            
00000461  EUSCIA2_IRQHandler            
00000463  EUSCIA3_IRQHandler            
00000465  EUSCIB0_IRQHandler            
00000467  EUSCIB1_IRQHandler            
00000469  EUSCIB2_IRQHandler            
0000046b  EUSCIB3_IRQHandler            
0000046d  ADC14_IRQHandler              
0000046f  T32_INT1_IRQHandler           
00000471  T32_INT2_IRQHandler           
00000473  T32_INTC_IRQHandler           
00000475  AES256_IRQHandler             
00000477  RTC_C_IRQHandler              
00000479  DMA_ERR_IRQHandler            
0000047b  DMA_INT3_IRQHandler           
0000047d  DMA_INT2_IRQHandler           
0000047f  DMA_INT1_IRQHandler           
00000481  DMA_INT0_IRQHandler           
00000483  PORT1_IRQHandler              
00000485  PORT2_IRQHandler              
00000487  PORT3_IRQHandler              
00000489  PORT4_IRQHandler              
0000048d  PORT6_IRQHandler              
0000048f  DisableInterrupts             
00000495  EnableInterrupts              
0000049b  StartCritical                 
000004a5  EndCritical                   
000004ad  WaitForInterrupt              
000004b3  __TI_decompress_lzss          
0000051d  DAC_Init                      
00000547  DAC_Out                       
00000579  Sample_Wave                   
000005b5  main                          
000005c1  __TI_auto_init_nobinit_nopinit
00000605  Sound_Init                    
0000060d  Sound_Play                    
00000641  _c_int00_noargs               
00000675  __TI_zero_init_nomemset       
00000691  __TI_decompress_none          
0000069f  _system_pre_init              
000006a3  C$$EXIT                       
000006a3  abort                         
000006a6  wave                          
000006c8  __TI_Handler_Table_Base       
000006d4  __TI_Handler_Table_Limit      
000006e8  __TI_CINIT_Base               
000006f8  __TI_CINIT_Limit              
20000000  Counts                        
20000000  __start___llvm_prf_cnts       
20000000  __stop___llvm_prf_cnts        
20000004  check                         
20000005  incheck                       
20000006  count                         
20000007  index                         
2000fe00  __stack                       
20010000  __STACK_END                   
4000480c  WDTCTL_SYM                    
ffffffff  __TI_pprof_out_hndl           
ffffffff  __TI_prof_data_size           
ffffffff  __TI_prof_data_start          
ffffffff  __binit__                     
ffffffff  __c_args__                    
ffffffff  binit                         
UNDEFED   __mpu_init                    
UNDEFED   _system_post_cinit            

[97 symbols]
