******************************************************************************
                  TI ARM Linker PC v5.2.7                      
******************************************************************************
>> Linked Mon Aug 08 15:29:40 2016

OUTPUT FILE NAME:   <EGCP_450_Lab_6_Solution.out>
ENTRY POINT SYMBOL: "_c_int00"  address: 0000047d


MEMORY CONFIGURATION

         name            origin    length      used     unused   attr    fill
----------------------  --------  ---------  --------  --------  ----  --------
  MAIN                  00000000   00040000  00000654  0003f9ac  R  X
  INFO                  00200000   00004000  00000000  00004000  R  X
  SRAM_CODE             01000000   00010000  00000000  00010000  RW X
  SRAM_DATA             20000000   00010000  00000218  0000fde8  RW  


SEGMENT ALLOCATION MAP

run origin  load origin   length   init length attrs members
----------  ----------- ---------- ----------- ----- -------
00000000    00000000    00000658   00000658    r-x
  00000000    00000000    00000144   00000144    r-- .intvecs
  00000144    00000144    000004d8   000004d8    r-x .text
  00000620    00000620    00000038   00000038    r-- .cinit
20000000    20000000    00000018   00000000    rw-
  20000000    20000000    00000014   00000000    rw- .data
  20000014    20000014    00000004   00000000    rw- .bss
2000fe00    2000fe00    00000200   00000000    rw-
  2000fe00    2000fe00    00000200   00000000    rw- .stack


SECTION ALLOCATION MAP

 output                                  attributes/
section   page    origin      length       input sections
--------  ----  ----------  ----------   ----------------
.intvecs   0    00000000    00000144     
                  00000000    00000144     msp432_startup_ccs.obj (.intvecs)

.text      0    00000144    000004d8     
                  00000144    000000b0     SysTickInts.obj (.text)
                  000001f4    0000009c     rtsv7M4_T_le_v4SPD16_eabi.lib : memcpy_t2.obj (.text)
                  00000290    0000009a     msp432_startup_ccs.obj (.text)
                  0000032a    0000007a     rtsv7M4_T_le_v4SPD16_eabi.lib : memset_t2.obj (.text)
                  000003a4    0000006c                                   : autoinit.obj (.text)
                  00000410    0000006a                                   : copy_decompress_rle.obj (.text)
                  0000047a    00000002     --HOLE-- [fill = 0]
                  0000047c    00000050                                   : boot.obj (.text)
                  000004cc    0000004c     DAC.obj (.text)
                  00000518    0000004c     rtsv7M4_T_le_v4SPD16_eabi.lib : cpy_tbl.obj (.text)
                  00000564    00000044                                   : exit.obj (.text)
                  000005a8    00000024     main.obj (.text)
                  000005cc    00000018     rtsv7M4_T_le_v4SPD16_eabi.lib : args_main.obj (.text)
                  000005e4    00000014                                   : _lock.obj (.text)
                  000005f8    0000000e                                   : copy_decompress_none.obj (.text:decompress:none)
                  00000606    0000000c                                   : copy_zero_init.obj (.text:decompress:ZI)
                  00000612    00000006                                   : copy_decompress_rle.obj (.text:decompress:rle24)
                  00000618    00000004                                   : pre_init.obj (.text)

.cinit     0    00000620    00000038     
                  00000620    0000000f     (.cinit..data.load) [load image, compression = rle]
                  0000062f    00000001     --HOLE-- [fill = 0]
                  00000630    0000000c     (__TI_handler_table)
                  0000063c    00000004     --HOLE-- [fill = 0]
                  00000640    00000008     (.cinit..bss.load) [load image, compression = zero_init]
                  00000648    00000010     (__TI_cinit_table)

.data      0    20000000    00000014     UNINITIALIZED
                  20000000    00000008     rtsv7M4_T_le_v4SPD16_eabi.lib : _lock.obj (.data)
                  20000008    00000008                                   : exit.obj (.data)
                  20000010    00000004                                   : stkdepth_vars.obj (.data)

.bss       0    20000014    00000004     UNINITIALIZED
                  20000014    00000004     (.common:Counts)

.TI.persistent 
*          0    20000000    00000000     UNINITIALIZED

.TI.noinit 
*          0    20000014    00000000     UNINITIALIZED

.stack     0    2000fe00    00000200     UNINITIALIZED
                  2000fe00    00000200     --HOLE--


LINKER GENERATED COPY TABLES

__TI_cinit_table @ 00000648 records: 2, size/record: 8, table size: 16
	.data: load addr=00000620, load size=0000000f bytes, run addr=20000000, run size=00000014 bytes, compression=rle
	.bss: load addr=00000640, load size=00000008 bytes, run addr=20000014, run size=00000004 bytes, compression=zero_init


LINKER GENERATED HANDLER TABLE

__TI_handler_table @ 00000630 records: 3, size/record: 4, table size: 12
	index: 0, handler: __TI_decompress_rle24
	index: 1, handler: __TI_decompress_none
	index: 2, handler: __TI_zero_init


GLOBAL SYMBOLS: SORTED ALPHABETICALLY BY Name 

address   name                    
-------   ----                    
000002e5  ADC14_IRQHandler        
000002ed  AES256_IRQHandler       
00000565  C$$EXIT                 
000002c1  COMP_E0_IRQHandler      
000002c3  COMP_E1_IRQHandler      
000002b7  CS_IRQHandler           
20000014  Counts                  
000004cd  DAC_Init                
000004f3  DAC_Out                 
000002f1  DMA_ERR_IRQHandler      
000002f9  DMA_INT0_IRQHandler     
000002f7  DMA_INT1_IRQHandler     
000002f5  DMA_INT2_IRQHandler     
000002f3  DMA_INT3_IRQHandler     
000002af  DebugMon_Handler        
00000307  DisableInterrupts       
000002d5  EUSCIA0_IRQHandler      
000002d7  EUSCIA1_IRQHandler      
000002d9  EUSCIA2_IRQHandler      
000002db  EUSCIA3_IRQHandler      
000002dd  EUSCIB0_IRQHandler      
000002df  EUSCIB1_IRQHandler      
000002e1  EUSCIB2_IRQHandler      
000002e3  EUSCIB3_IRQHandler      
0000030d  EnableInterrupts        
0000031d  EndCritical             
000002bf  FLCTL_IRQHandler        
000002bd  FPU_IRQHandler          
000002b9  PCM_IRQHandler          
000002fb  PORT1_IRQHandler        
000002fd  PORT2_IRQHandler        
000002ff  PORT3_IRQHandler        
00000301  PORT4_IRQHandler        
00000303  PORT5_IRQHandler        
00000305  PORT6_IRQHandler        
000002b5  PSS_IRQHandler          
000002b1  PendSV_Handler          
000002ef  RTC_C_IRQHandler        
UNDEFED   SHT$$INIT_ARRAY$$Base   
UNDEFED   SHT$$INIT_ARRAY$$Limit  
000002ad  SVC_Handler             
00000313  StartCritical           
000001a5  SysTick_Handler         
00000145  SysTick_Init            
000002e7  T32_INT1_IRQHandler     
000002e9  T32_INT2_IRQHandler     
000002eb  T32_INTC_IRQHandler     
000002c5  TA0_0_IRQHandler        
000002c7  TA0_N_IRQHandler        
000002c9  TA1_0_IRQHandler        
000002cb  TA1_N_IRQHandler        
000002cd  TA2_0_IRQHandler        
000002cf  TA2_N_IRQHandler        
000002d1  TA3_0_IRQHandler        
000002d3  TA3_N_IRQHandler        
4000480c  WDTCTL_SYM              
000002bb  WDT_A_IRQHandler        
00000325  WaitForInterrupt        
20010000  __STACK_END             
00000200  __STACK_SIZE            
00000648  __TI_CINIT_Base         
00000658  __TI_CINIT_Limit        
00000630  __TI_Handler_Table_Base 
0000063c  __TI_Handler_Table_Limit
000003a5  __TI_auto_init          
20000008  __TI_cleanup_ptr        
000005f9  __TI_decompress_none    
00000613  __TI_decompress_rle24   
2000000c  __TI_dtors_ptr          
00000000  __TI_static_base__      
00000607  __TI_zero_init          
0000032b  __aeabi_memclr          
0000032b  __aeabi_memclr4         
0000032b  __aeabi_memclr8         
000001f5  __aeabi_memcpy          
000001f5  __aeabi_memcpy4         
000001f5  __aeabi_memcpy8         
0000032d  __aeabi_memset          
0000032d  __aeabi_memset4         
0000032d  __aeabi_memset8         
ffffffff  __binit__               
ffffffff  __c_args__              
2000fe00  __stack                 
000005cd  _args_main              
0000047d  _c_int00                
20000000  _lock                   
000005f3  _nop                    
000005eb  _register_lock          
000005e5  _register_unlock        
00000619  _system_pre_init        
20000004  _unlock                 
00000569  abort                   
ffffffff  binit                   
00000519  copy_in                 
00000571  exit                    
00000000  interruptVectors        
000005a9  main                    
20000010  main_func_sp            
000001f5  memcpy                  
00000333  memset                  


GLOBAL SYMBOLS: SORTED BY Symbol Address 

address   name                    
-------   ----                    
00000000  __TI_static_base__      
00000000  interruptVectors        
00000145  SysTick_Init            
000001a5  SysTick_Handler         
000001f5  __aeabi_memcpy          
000001f5  __aeabi_memcpy4         
000001f5  __aeabi_memcpy8         
000001f5  memcpy                  
00000200  __STACK_SIZE            
000002ad  SVC_Handler             
000002af  DebugMon_Handler        
000002b1  PendSV_Handler          
000002b5  PSS_IRQHandler          
000002b7  CS_IRQHandler           
000002b9  PCM_IRQHandler          
000002bb  WDT_A_IRQHandler        
000002bd  FPU_IRQHandler          
000002bf  FLCTL_IRQHandler        
000002c1  COMP_E0_IRQHandler      
000002c3  COMP_E1_IRQHandler      
000002c5  TA0_0_IRQHandler        
000002c7  TA0_N_IRQHandler        
000002c9  TA1_0_IRQHandler        
000002cb  TA1_N_IRQHandler        
000002cd  TA2_0_IRQHandler        
000002cf  TA2_N_IRQHandler        
000002d1  TA3_0_IRQHandler        
000002d3  TA3_N_IRQHandler        
000002d5  EUSCIA0_IRQHandler      
000002d7  EUSCIA1_IRQHandler      
000002d9  EUSCIA2_IRQHandler      
000002db  EUSCIA3_IRQHandler      
000002dd  EUSCIB0_IRQHandler      
000002df  EUSCIB1_IRQHandler      
000002e1  EUSCIB2_IRQHandler      
000002e3  EUSCIB3_IRQHandler      
000002e5  ADC14_IRQHandler        
000002e7  T32_INT1_IRQHandler     
000002e9  T32_INT2_IRQHandler     
000002eb  T32_INTC_IRQHandler     
000002ed  AES256_IRQHandler       
000002ef  RTC_C_IRQHandler        
000002f1  DMA_ERR_IRQHandler      
000002f3  DMA_INT3_IRQHandler     
000002f5  DMA_INT2_IRQHandler     
000002f7  DMA_INT1_IRQHandler     
000002f9  DMA_INT0_IRQHandler     
000002fb  PORT1_IRQHandler        
000002fd  PORT2_IRQHandler        
000002ff  PORT3_IRQHandler        
00000301  PORT4_IRQHandler        
00000303  PORT5_IRQHandler        
00000305  PORT6_IRQHandler        
00000307  DisableInterrupts       
0000030d  EnableInterrupts        
00000313  StartCritical           
0000031d  EndCritical             
00000325  WaitForInterrupt        
0000032b  __aeabi_memclr          
0000032b  __aeabi_memclr4         
0000032b  __aeabi_memclr8         
0000032d  __aeabi_memset          
0000032d  __aeabi_memset4         
0000032d  __aeabi_memset8         
00000333  memset                  
000003a5  __TI_auto_init          
0000047d  _c_int00                
000004cd  DAC_Init                
000004f3  DAC_Out                 
00000519  copy_in                 
00000565  C$$EXIT                 
00000569  abort                   
00000571  exit                    
000005a9  main                    
000005cd  _args_main              
000005e5  _register_unlock        
000005eb  _register_lock          
000005f3  _nop                    
000005f9  __TI_decompress_none    
00000607  __TI_zero_init          
00000613  __TI_decompress_rle24   
00000619  _system_pre_init        
00000630  __TI_Handler_Table_Base 
0000063c  __TI_Handler_Table_Limit
00000648  __TI_CINIT_Base         
00000658  __TI_CINIT_Limit        
20000000  _lock                   
20000004  _unlock                 
20000008  __TI_cleanup_ptr        
2000000c  __TI_dtors_ptr          
20000010  main_func_sp            
20000014  Counts                  
2000fe00  __stack                 
20010000  __STACK_END             
4000480c  WDTCTL_SYM              
ffffffff  __binit__               
ffffffff  __c_args__              
ffffffff  binit                   
UNDEFED   SHT$$INIT_ARRAY$$Base   
UNDEFED   SHT$$INIT_ARRAY$$Limit  

[100 symbols]
